Archive member included to satisfy reference by file (symbol)

c:/devkitPro/libnds/lib\libfilesystem.a(nitrofs.o)
                              main.o (nitroFSInit)
c:/devkitPro/libnds/lib\libfat.a(libfat.o)
                              c:/devkitPro/libnds/lib\libfilesystem.a(nitrofs.o) (fatInitDefault)
c:/devkitPro/libnds/lib\libfat.a(partition.o)
                              c:/devkitPro/libnds/lib\libfat.a(libfat.o) (_FAT_partition_constructor)
c:/devkitPro/libnds/lib\libfat.a(lock.o)
                              c:/devkitPro/libnds/lib\libfat.a(partition.o) (_FAT_lock_init)
c:/devkitPro/libnds/lib\libfat.a(fatdir.o)
                              c:/devkitPro/libnds/lib\libfat.a(libfat.o) (_FAT_stat_r)
c:/devkitPro/libnds/lib\libfat.a(cache.o)
                              c:/devkitPro/libnds/lib\libfat.a(partition.o) (_FAT_cache_constructor)
c:/devkitPro/libnds/lib\libfat.a(fatfile.o)
                              c:/devkitPro/libnds/lib\libfat.a(libfat.o) (_FAT_open_r)
c:/devkitPro/libnds/lib\libfat.a(disc.o)
                              c:/devkitPro/libnds/lib\libfat.a(libfat.o) (_FAT_disc_interfaces)
c:/devkitPro/libnds/lib\libfat.a(file_allocation_table.o)
                              c:/devkitPro/libnds/lib\libfat.a(fatfile.o) (_FAT_fat_nextCluster)
c:/devkitPro/libnds/lib\libfat.a(filetime.o)
                              c:/devkitPro/libnds/lib\libfat.a(fatdir.o) (_FAT_filetime_getTimeFromRTC)
c:/devkitPro/libnds/lib\libfat.a(directory.o)
                              c:/devkitPro/libnds/lib\libfat.a(fatdir.o) (_FAT_directory_entryGetCluster)
c:/devkitPro/libnds/lib\libnds9.a(keys.o)
                              camera.o (scanKeys)
c:/devkitPro/libnds/lib\libnds9.a(videoGL.o)
                              main.o (glGlobalData)
c:/devkitPro/libnds/lib\libnds9.a(trig.o)
                              camera.o (sinLerp)
c:/devkitPro/libnds/lib\libnds9.a(console.o)
                              main.o (consoleDemoInit)
c:/devkitPro/libnds/lib\libnds9.a(system.o)
                              c:/devkitPro/libnds/lib\libnds9.a(videoGL.o) (powerOn)
c:/devkitPro/libnds/lib\libnds9.a(video.o)
                              c:/devkitPro/libnds/lib\libnds9.a(videoGL.o) (vramSetBanks_EFG)
c:/devkitPro/libnds/lib\libnds9.a(dynamicArray.o)
                              c:/devkitPro/libnds/lib\libnds9.a(videoGL.o) (DynamicArrayInit)
c:/devkitPro/libnds/lib\libnds9.a(background.o)
                              c:/devkitPro/libnds/lib\libnds9.a(console.o) (bgState)
c:/devkitPro/libnds/lib\libnds9.a(dldi.o)
                              c:/devkitPro/libnds/lib\libfat.a(disc.o) (dldiGetInternal)
c:/devkitPro/libnds/lib\libnds9.a(dsi_sd.o)
                              c:/devkitPro/libnds/lib\libfat.a(disc.o) (__io_dsisd)
c:/devkitPro/libnds/lib\libnds9.a(initSystem.o)
                              c:/devkitpro/devkitarm/bin/../lib/gcc/arm-none-eabi/4.9.2/../../../../arm-none-eabi/lib/thumb/ds_arm9_crt0.o (initSystem)
c:/devkitPro/libnds/lib\libnds9.a(fifosystem.o)
                              c:/devkitPro/libnds/lib\libnds9.a(initSystem.o) (fifoSetValue32Handler)
c:/devkitPro/libnds/lib\libnds9.a(card.o)
                              c:/devkitPro/libnds/lib\libfilesystem.a(nitrofs.o) (cardParamCommand)
c:/devkitPro/libnds/lib\libnds9.a(libnds_exit.arm.o)
                              c:/devkitpro/devkitarm/bin/../lib/gcc/arm-none-eabi/4.9.2/../../../../arm-none-eabi/lib/thumb/ds_arm9_crt0.o (__libnds_exit)
c:/devkitPro/libnds/lib\libnds9.a(interrupts.o)
                              c:/devkitPro/libnds/lib\libnds9.a(fifosystem.o) (irqSet)
c:/devkitPro/libnds/lib\libnds9.a(dcache.o)
                              c:/devkitPro/libnds/lib\libnds9.a(dsi_sd.o) (DC_FlushRange)
c:/devkitPro/libnds/lib\libnds9.a(dldi_stub.o)
                              c:/devkitPro/libnds/lib\libnds9.a(dldi.o) (_io_dldi_stub)
c:/devkitPro/libnds/lib\libnds9.a(mpu_setup.o)
                              c:/devkitpro/devkitarm/bin/../lib/gcc/arm-none-eabi/4.9.2/../../../../arm-none-eabi/lib/thumb/ds_arm9_crt0.o (__libnds_mpu_setup)
c:/devkitPro/libnds/lib\libnds9.a(swiSoftReset.o)
                              c:/devkitPro/libnds/lib\libnds9.a(fifosystem.o) (swiSoftReset)
c:/devkitPro/libnds/lib\libnds9.a(debugprint.o)
                              c:/devkitPro/libnds/lib\libnds9.a(console.o) (nocashWrite)
c:/devkitPro/libnds/lib\libnds9.a(biosCalls.o)
                              c:/devkitPro/libnds/lib\libnds9.a(system.o) (swiDelay)
c:/devkitPro/libnds/lib\libnds9.a(interruptDispatcher.o)
                              c:/devkitPro/libnds/lib\libnds9.a(interrupts.o) (IntrMain)
c:/devkitPro/libnds/lib\libnds9.a(default_font.bin.o)
                              c:/devkitPro/libnds/lib\libnds9.a(console.o) (default_font_bin)
c:/devkitPro/libnds/lib\libnds9.a(timeSupport.o)
                              c:/devkitPro/libnds/lib\libnds9.a(initSystem.o) (__libnds_gtod)
[...]
Memory Configuration

Name             Origin             Length             Attributes
rom              0x08000000         0x02000000
ewram            0x02000000         0x003ff000
dtcm             0x0b000000         0x00004000
vectors          0x01000000         0x00000100
itcm             0x01000100         0x00007f00
*default*        0x00000000         0xffffffff

Linker script and memory map

                0x01000000                __vectors_start = ORIGIN (vectors)
                0x01000100                __itcm_start = ORIGIN (itcm)
                0x023ff000                __ewram_end = (ORIGIN (ewram) + 0x3ff000)
                0x023ff000                __eheap_end = (ORIGIN (ewram) + 0x3ff000)
                0x0b000000                __dtcm_start = ORIGIN (dtcm)
                0x0b004000                __dtcm_top = (ORIGIN (dtcm) + 0x4000)
                0x0b003ff8                __irq_flags = (__dtcm_top - 0x8)
                0x0b003ffc                __irq_vector = (__dtcm_top - 0x4)
                0x0b003f00                __sp_svc = (__dtcm_top - 0x100)
                0x0b003e00                __sp_irq = (__sp_svc - 0x100)
                0x0b003d00                __sp_usr = (__sp_irq - 0x100)

.init           0x02000000      0x23c
                0x02000000                __text_start = .
 *(.init)
 .init          0x02000000      0x230 c:/devkitpro/devkitarm/bin/../lib/gcc/arm-none-eabi/4.9.2/../../../../arm-none-eabi/lib/thumb/ds_arm9_crt0.o
                0x02000000                _start
 .init          0x02000230        0x4 c:/devkitpro/devkitarm/bin/../lib/gcc/arm-none-eabi/4.9.2/thumb/crti.o
                0x02000230                _init
 .init          0x02000234        0x8 c:/devkitpro/devkitarm/bin/../lib/gcc/arm-none-eabi/4.9.2/thumb/crtn.o
                0x0200023c                . = ALIGN (0x4)

.plt
 *(.plt)

.text           0x02000240    0x278f8
 *(EXCLUDE_FILE(*.itcm*) .text)
 .text          0x02000240        0x0 c:/devkitpro/devkitarm/bin/../lib/gcc/arm-none-eabi/4.9.2/../../../../arm-none-eabi/lib/thumb/ds_arm9_crt0.o
 .text          0x02000240        0x0 c:/devkitpro/devkitarm/bin/../lib/gcc/arm-none-eabi/4.9.2/thumb/crti.o
 .text          0x02000240       0xd4 c:/devkitpro/devkitarm/bin/../lib/gcc/arm-none-eabi/4.9.2/thumb/crtbegin.o
 .text          0x02000314      0x9b0 bkdm.o
                0x02000314                loadModel
                0x020009d8                renderModel
 *fill*         0x02000cc4        0x4 ff
 .text          0x02000cc8      0x608 camera.o
                0x02000cc8                debugCamera
                0x02000e30                playerCamera
                0x02000e98                updateCamera
 .text          0x020012d0      0x4c0 main.o
                0x020012d0                debugPrint
                0x020013e8                setup3D
                0x020016b4                setupNitroFS
                0x020016cc                mallocStructs
                0x020016ec                cameraPart
                0x02001730                playerPart
                0x02001748                updateGame
                0x02001764                updateRender
 .text          0x02001790      0x89c player.o
                0x02001790                updatePlayer
                0x020019e8                startPositionPlayer
                0x020019f8                renderPlayer
 .text          0x0200202c      0xa10 c:/devkitPro/libnds/lib\libfilesystem.a(nitrofs.o)
                0x0200292c                nitroFSInit
 .text          0x02002a3c      0x338 c:/devkitPro/libnds/lib\libfat.a(libfat.o)
                0x02002a3c                fatMount
                0x02002afc                fatMountSimple
                0x02002b10                fatUnmount
                0x02002b48                fatInit
                0x02002c8c                fatInitDefault
                0x02002c98                fatGetVolumeLabel
 .text          0x02002d74      0x768 c:/devkitPro/libnds/lib\libfat.a(partition.o)
                0x02002f80                FindFirstValidPartition_buf
                0x02003104                FindFirstValidPartition
                0x0200312c                _FAT_partition_constructor_buf
                0x020033ec                _FAT_partition_constructor
                0x0200342c                _FAT_partition_destructor
                0x02003474                _FAT_partition_getPartitionFromPath
                0x02003488                _FAT_partition_createFSinfo
                0x020034a0                _FAT_partition_readFSinfo
                0x020034b0                _FAT_partition_writeFSinfo
                0x020034c0                _FAT_getCwdClusterPtr
 .text          0x020034dc       0x10 c:/devkitPro/libnds/lib\libfat.a(lock.o)
                0x020034dc                _FAT_lock_init
                0x020034e0                _FAT_lock_deinit
                0x020034e4                _FAT_lock
                0x020034e8                _FAT_unlock
 .text          0x020034ec      0x91c c:/devkitPro/libnds/lib\libfat.a(fatdir.o)
                0x020034ec                _FAT_stat_r
                0x02003588                _FAT_link_r
                0x02003594                _FAT_unlink_r
                0x0200371c                _FAT_chdir_r
                0x0200378c                _FAT_rename_r
                0x02003958                _FAT_mkdir_r
                0x02003bd0                _FAT_statvfs_r
                0x02003c58                _FAT_diropen_r
                0x02003d18                _FAT_dirreset_r
                0x02003d64                _FAT_dirnext_r
                0x02003de8                _FAT_dirclose_r
 .text          0x02003e08      0x528 c:/devkitPro/libnds/lib\libfat.a(cache.o)
                0x02003f44                _FAT_cache_constructor
                0x02003fe4                _FAT_cache_readSectors
                0x02004050                _FAT_cache_readPartialSector
                0x02004090                _FAT_cache_readLittleEndianValue
                0x0200411c                _FAT_cache_writePartialSector
                0x0200413c                _FAT_cache_writeLittleEndianValue
                0x02004190                _FAT_cache_eraseWritePartialSector
                0x020041fc                _FAT_cache_writeSectors
                0x02004274                _FAT_cache_flush
                0x020042cc                _FAT_cache_destructor
                0x02004300                _FAT_cache_invalidate
 .text          0x02004330     0x1424 c:/devkitPro/libnds/lib\libfat.a(fatfile.o)
                0x02004680                _FAT_findEntry
                0x020046c0                FAT_getAttr
                0x020046e8                FAT_setAttr
                0x02004798                _FAT_open_r
                0x02004abc                _FAT_syncToDisc
                0x02004adc                _FAT_close_r
                0x02004b54                _FAT_read_r
                0x02004eb0                _FAT_write_r
                0x020053b0                _FAT_seek_r
                0x02005514                _FAT_fstat_r
                0x020055a8                _FAT_ftruncate_r
                0x0200570c                _FAT_fsync_r
 .text          0x02005754        0x8 c:/devkitPro/libnds/lib\libfat.a(disc.o)
 .text          0x0200575c      0x4bc c:/devkitPro/libnds/lib\libfat.a(file_allocation_table.o)
                0x020058a8                _FAT_fat_nextCluster
                0x020059c4                _FAT_fat_linkFreeCluster
                0x02005a58                _FAT_fat_linkFreeClusterCleared
                0x02005ac8                _FAT_fat_clearLinks
                0x02005b2c                _FAT_fat_trimChain
                0x02005bb8                _FAT_fat_lastCluster
                0x02005bec                _FAT_fat_freeClusterCount
 .text          0x02005c18       0xb8 c:/devkitPro/libnds/lib\libfat.a(filetime.o)
                0x02005c18                _FAT_filetime_getTimeFromRTC
                0x02005c58                _FAT_filetime_getDateFromRTC
                0x02005c98                _FAT_filetime_to_time_t
 .text          0x02005cd0     0x14c0 c:/devkitPro/libnds/lib\libfat.a(directory.o)
                0x02005f74                _FAT_directory_entryGetCluster
                0x02005f90                _FAT_directory_getNextEntry
                0x0200620c                _FAT_directory_getFirstEntry
                0x0200622c                _FAT_directory_getRootEntry
                0x02006288                _FAT_directory_getVolumeLabel
                0x0200634c                _FAT_directory_entryFromPosition
                0x02006494                _FAT_directory_entryFromPath
                0x02006708                _FAT_directory_removeEntry
                0x020067d0                _FAT_directory_addEntry
                0x0200706c                _FAT_directory_chdir
                0x020070b8                _FAT_directory_entryStat
 .text          0x02007190       0xf4 c:/devkitPro/libnds/lib\libnds9.a(keys.o)
                0x02007190                scanKeys
                0x020071fc                keysHeld
                0x02007208                keysDown
                0x02007218                keysDownRepeat
                0x02007228                keysSetRepeat
                0x02007240                keysUp
                0x02007250                keysCurrent
 .text          0x02007284     0x1934 c:/devkitPro/libnds/lib\libnds9.a(videoGL.o)
                0x020073a0                glGetGlobals
                0x020073a8                glRotatef32i
                0x02007684                glMaterialf
                0x020076f0                glTexCoord2f32
                0x02007768                vramBlock_init
                0x020077cc                vramBlock_Construct
                0x020077f4                vramBlock_terminate
                0x0200781c                vramBlock_Deconstruct
                0x02007830                vramBlock__allocateBlock
                0x02007a18                vramBlock__deallocateBlock
                0x02007a2c                vramBlock_examineSpecial
                0x02007cac                vramBlock_allocateSpecial
                0x02007cc0                vramBlock_allocateBlock
                0x02007cf0                vramBlock_deallocateBlock
                0x02007d38                vramBlock_deallocateAll
                0x02007d48                vramBlock_getAddr
                0x02007d5c                vramBlock_getSize
                0x02007d70                glInit_C
                0x02007f10                glResetTextures
                0x02007fa8                removePaletteFromTexture
                0x02008018                glGenTextures
                0x020080b0                glDeleteTextures
                0x02008184                vramGetBank
                0x02008244                glLockVRAMBank
                0x02008318                glUnlockVRAMBank
                0x020083cc                glBindTexture
                0x0200842c                glColorTableEXT
                0x0200862c                glColorSubTableEXT
                0x02008680                glGetColorTableEXT
                0x020086bc                glAssignColorTable
                0x02008730                glTexParameter
                0x02008768                glGetTexturePointer
                0x02008788                glGetTexParameter
                0x020087a8                glGetColorTableParameterEXT
                0x020087e0                glTexImage2D
 .text          0x02008bb8      0x244 c:/devkitPro/libnds/lib\libnds9.a(trig.o)
                0x02008bb8                asinComp
                0x02008bdc                sinLutLookup
                0x02008c14                sinLerp
                0x02008c50                cosLerp
                0x02008c64                tanLutLookup
                0x02008c9c                tanLerp
                0x02008d44                asinLerp
                0x02008dc0                acosLerp
                0x02008dd4                atanComp
 .text          0x02008dfc      0xa54 c:/devkitPro/libnds/lib\libnds9.a(console.o)
                0x02008ea8                nocash_write
                0x02008eb8                consoleGetDefault
                0x02008ec4                consoleSelect
                0x02008ed4                consoleDebugInit
                0x02008f24                consolePrintChar
                0x02009108                consoleLoadFont
                0x02009394                consoleSetFont
                0x020093b4                consoleInit
                0x0200951c                consoleDemoInit
                0x02009560                con_write
                0x02009820                consoleClear
                0x02009830                consoleSetWindow
 .text          0x02009850      0x134 c:/devkitPro/libnds/lib\libnds9.a(system.o)
                0x02009850                setSDcallback
                0x0200985c                systemMsgHandler
                0x020098ac                systemSleep
                0x020098c4                systemValueHandler
                0x02009900                powerOn
                0x0200992c                powerOff
                0x02009954                ledBlink
                0x02009964                getBatteryLevel
 .text          0x02009984      0x1f8 c:/devkitPro/libnds/lib\libnds9.a(video.o)
                0x02009984                vramSetPrimaryBanks
                0x020099c8                vramSetMainBanks
                0x02009a0c                vramSetBanks_EFG
                0x02009a44                vramRestorePrimaryBanks
                0x02009a50                vramRestoreMainBanks
                0x02009a5c                vramRestoreBanks_EFG
                0x02009a68                setBrightness
                0x02009aa8                vramDefault
 .text          0x02009b7c       0x8c c:/devkitPro/libnds/lib\libnds9.a(dynamicArray.o)
                0x02009b7c                DynamicArrayInit
                0x02009b94                DynamicArrayDelete
                0x02009ba8                DynamicArrayGet
                0x02009bc0                DynamicArraySet
 .text          0x02009c08      0x350 c:/devkitPro/libnds/lib\libnds9.a(background.o)
                0x02009c08                bgIsText
                0x02009c14                checkIfText
                0x02009c6c                bgUpdate
                0x02009d60                bgInit_call
                0x02009e50                bgInitSub_call
 .text          0x02009f58      0x22c c:/devkitPro/libnds/lib\libnds9.a(dldi.o)
                0x02009f58                dldiGetInternal
                0x02009f8c                dldiIsValid
                0x02009fc4                dldiFixDriverAddresses
                0x0200a09c                dldiLoadFromFile
                0x0200a178                dldiFree
 .text          0x0200a184      0x148 c:/devkitPro/libnds/lib\libnds9.a(dsi_sd.o)
                0x0200a184                sdio_ClearStatus
                0x0200a194                sdio_Shutdown
                0x0200a1a4                sdio_Startup
                0x0200a1f0                sdio_IsInserted
                0x0200a224                sdio_ReadSectors
                0x0200a278                sdio_WriteSectors
 .text          0x0200a2cc      0x14c c:/devkitPro/libnds/lib\libnds9.a(initSystem.o)
                0x0200a2cc                initSystem
 .text          0x0200a418      0xcb8 c:/devkitPro/libnds/lib\libnds9.a(fifosystem.o)
                0x0200a6dc                fifoSetValue32Handler
                0x0200a750                fifoSendAddress
                0x0200a77c                fifoSendValue32
                0x0200a7b8                fifoSendDatamsg
                0x0200a82c                fifoGetAddress
                0x0200a898                fifoSetAddressHandler
                0x0200a90c                fifoGetValue32
                0x0200a920                fifoGetDatamsg
                0x0200add4                fifoSetDatamsgHandler
                0x0200ae68                fifoCheckAddress
                0x0200ae8c                fifoCheckDatamsg
                0x0200aeb0                fifoCheckDatamsgLength
                0x0200aee0                fifoCheckValue32
                0x0200af04                fifoInit
 .text          0x0200b0d0      0x23c c:/devkitPro/libnds/lib\libnds9.a(card.o)
                0x0200b0d0                cardWriteCommand
                0x0200b0f4                cardPolledTransfer
                0x0200b144                cardStartTransfer
                0x0200b1a0                cardWriteAndRead
                0x0200b1e4                cardParamCommand
                0x0200b214                cardReadID
                0x0200b23c                cardReset
                0x0200b2b0                cardReadHeader
 .text          0x0200b30c       0x5c c:/devkitPro/libnds/lib\libnds9.a(libnds_exit.arm.o)
                0x0200b30c                systemErrorExit
                0x0200b310                __libnds_exit
 .text          0x0200b368      0x1ec c:/devkitPro/libnds/lib\libnds9.a(interrupts.o)
                0x0200b368                irqDummy
                0x0200b36c                irqSet
                0x0200b3d8                irqInit
                0x0200b424                irqInitHandler
                0x0200b454                irqEnable
                0x0200b4b8                irqDisable
                0x0200b51c                irqClear
 .text          0x0200b554       0x88 c:/devkitPro/libnds/lib\libnds9.a(dcache.o)
                0x0200b554                DC_FlushAll
                0x0200b580                DC_FlushRange
                0x0200b5a4                DC_InvalidateAll
                0x0200b5b0                DC_InvalidateRange
 *fill*         0x0200b5dc       0x24 ff
 .text          0x0200b600     0x8000 c:/devkitPro/libnds/lib\libnds9.a(dldi_stub.o)
                0x0200b600                _io_dldi_stub
 .text          0x02013600      0x1b4 c:/devkitPro/libnds/lib\libnds9.a(mpu_setup.o)
                0x02013600                __libnds_mpu_setup
                0x02013740                memCached
                0x02013758                memUncached
 *fill*         0x020137b4        0xc ff
 .text          0x020137c0       0x30 c:/devkitPro/libnds/lib\libnds9.a(swiSoftReset.o)
                0x020137c0                swiSoftReset
 .text          0x020137f0       0xa4 c:/devkitPro/libnds/lib\libnds9.a(debugprint.o)
                0x020137f0                nocashWrite
                0x020137f2                nocashMessage
 *fill*         0x02013894        0xc ff
 .text          0x020138a0       0x70 c:/devkitPro/libnds/lib\libnds9.a(biosCalls.o)
                0x020138a0                swiDelay
                0x020138a4                swiIntrWait
                0x020138a8                swiWaitForVBlank
                0x020138ac                swiSleep
                0x020138b0                swiChangeSoundBias
                0x020138b4                swiDivide
                0x020138b8                swiRemainder
                0x020138be                swiDivMod
                0x020138ca                swiCopy
                0x020138ce                swiFastCopy
                0x020138d2                swiSqrt
                0x020138d6                swiCRC16
                0x020138da                swiIsDebugger
                0x020138de                swiUnpackBits
                0x020138e2                swiDecompressLZSSWram
                0x020138e6                swiDecompressLZSSVramNTR
                0x020138ea                swiDecompressLZSSVramTWL
                0x020138ee                swiDecompressHuffman
                0x020138f2                swiDecompressRLEWram
                0x020138f6                swiDecompressRLEVram
                0x020138fa                swiWaitForIRQ
                0x020138fe                swiDecodeDelta8
                0x02013902                swiDecodeDelta16
                0x02013906                swiSetHaltCR
 .text          0x02013910        0x0 c:/devkitPro/libnds/lib\libnds9.a(interruptDispatcher.o)
 .text          0x02013910        0x0 c:/devkitPro/libnds/lib\libnds9.a(default_font.bin.o)
 .text          0x02013910       0x24 c:/devkitPro/libnds/lib\libnds9.a(timeSupport.o)
                0x02013910                __libnds_gtod
 .text          0x02013934      0x11c c:/devkitpro/devkitarm/bin/../lib/gcc/arm-none-eabi/4.9.2/thumb\libgcc.a(_udivsi3.o)
                0x02013934                __aeabi_uidiv
                0x02013934                __udivsi3
                0x02013a30                __aeabi_uidivmod
 .text          0x02013a50      0x150 c:/devkitpro/devkitarm/bin/../lib/gcc/arm-none-eabi/4.9.2/thumb\libgcc.a(_divsi3.o)
                0x02013a50                __divsi3
                0x02013a50                __aeabi_idiv
                0x02013b80                __aeabi_idivmod
 .text          0x02013ba0        0x4 c:/devkitpro/devkitarm/bin/../lib/gcc/arm-none-eabi/4.9.2/thumb\libgcc.a(_dvmd_tls.o)
                0x02013ba0                __aeabi_idiv0
                0x02013ba0                __aeabi_ldiv0
 .text          0x02013ba4      0x2ac c:/devkitpro/devkitarm/bin/../lib/gcc/arm-none-eabi/4.9.2/thumb\libgcc.a(_arm_addsubsf3.o)
                0x02013ba4                __aeabi_frsub
                0x02013bac                __subsf3
                0x02013bac                __aeabi_fsub
                0x02013bb0                __aeabi_fadd
                0x02013bb0                __addsf3
                0x02013d6c                __aeabi_ui2f
                0x02013d6c                __floatunsisf
                0x02013d74                __aeabi_i2f
                0x02013d74                __floatsisf
                0x02013d94                __aeabi_ul2f
                0x02013d94                __floatundisf
                0x02013da4                __aeabi_l2f
                0x02013da4                __floatdisf
 .text          0x02013e50      0x2f8 c:/devkitpro/devkitarm/bin/../lib/gcc/arm-none-eabi/4.9.2/thumb\libgcc.a(_arm_muldivsf3.o)
                0x02013e50                __mulsf3
                0x02013e50                __aeabi_fmul
                0x02013fe8                __aeabi_fdiv
                0x02013fe8                __divsf3
 .text          0x02014148       0x5c c:/devkitpro/devkitarm/bin/../lib/gcc/arm-none-eabi/4.9.2/thumb\libgcc.a(_arm_fixsfsi.o)
                0x02014148                __aeabi_f2iz
                0x02014148                __fixsfsi
 .text          0x020141a4       0x60 c:/devkitpro/devkitarm/bin/../lib/gcc/arm-none-eabi/4.9.2/thumb\libgcc.a(_muldi3.o)
                0x020141a4                __muldi3
                0x020141a4                __aeabi_lmul
 .text          0x02014204        0x0 c:/devkitpro/devkitarm/bin/../lib/gcc/arm-none-eabi/4.9.2/../../../../arm-none-eabi/lib/thumb\libg.a(lib_a-bsearch.o)
 .text          0x02014204        0x0 c:/devkitpro/devkitarm/bin/../lib/gcc/arm-none-eabi/4.9.2/../../../../arm-none-eabi/lib/thumb\libg.a(lib_a-ctype_.o)
 .text          0x02014204        0x0 c:/devkitpro/devkitarm/bin/../lib/gcc/arm-none-eabi/4.9.2/../../../../arm-none-eabi/lib/thumb\libg.a(lib_a-fclose.o)
 .text          0x02014204        0x0 c:/devkitpro/devkitarm/bin/../lib/gcc/arm-none-eabi/4.9.2/../../../../arm-none-eabi/lib/thumb\libg.a(lib_a-fflush.o)
 .text          0x02014204        0x0 c:/devkitpro/devkitarm/bin/../lib/gcc/arm-none-eabi/4.9.2/../../../../arm-none-eabi/lib/thumb\libg.a(lib_a-findfp.o)
 .text          0x02014204        0x0 c:/devkitpro/devkitarm/bin/../lib/gcc/arm-none-eabi/4.9.2/../../../../arm-none-eabi/lib/thumb\libg.a(lib_a-fopen.o)
 .text          0x02014204        0x0 c:/devkitpro/devkitarm/bin/../lib/gcc/arm-none-eabi/4.9.2/../../../../arm-none-eabi/lib/thumb\libg.a(lib_a-fread.o)
 .text          0x02014204        0x0 c:/devkitpro/devkitarm/bin/../lib/gcc/arm-none-eabi/4.9.2/../../../../arm-none-eabi/lib/thumb\libg.a(lib_a-freer.o)
 .text          0x02014204        0x0 c:/devkitpro/devkitarm/bin/../lib/gcc/arm-none-eabi/4.9.2/../../../../arm-none-eabi/lib/thumb\libg.a(lib_a-fseek.o)
 .text          0x02014204        0x0 c:/devkitpro/devkitarm/bin/../lib/gcc/arm-none-eabi/4.9.2/../../../../arm-none-eabi/lib/thumb\libg.a(lib_a-fseeko.o)
 .text          0x02014204        0x0 c:/devkitpro/devkitarm/bin/../lib/gcc/arm-none-eabi/4.9.2/../../../../arm-none-eabi/lib/thumb\libg.a(lib_a-fwalk.o)
 .text          0x02014204        0x0 c:/devkitpro/devkitarm/bin/../lib/gcc/arm-none-eabi/4.9.2/../../../../arm-none-eabi/lib/thumb\libg.a(lib_a-impure.o)
 .text          0x02014204        0x0 c:/devkitpro/devkitarm/bin/../lib/gcc/arm-none-eabi/4.9.2/../../../../arm-none-eabi/lib/thumb\libg.a(lib_a-init.o)
 .text          0x02014204        0x0 c:/devkitpro/devkitarm/bin/../lib/gcc/arm-none-eabi/4.9.2/../../../../arm-none-eabi/lib/thumb\libg.a(lib_a-iprintf.o)
 .text          0x02014204        0x0 c:/devkitpro/devkitarm/bin/../lib/gcc/arm-none-eabi/4.9.2/../../../../arm-none-eabi/lib/thumb\libg.a(lib_a-lcltime_r.o)
 .text          0x02014204        0x0 c:/devkitpro/devkitarm/bin/../lib/gcc/arm-none-eabi/4.9.2/../../../../arm-none-eabi/lib/thumb\libg.a(lib_a-locale.o)
 .text          0x02014204        0x0 c:/devkitpro/devkitarm/bin/../lib/gcc/arm-none-eabi/4.9.2/../../../../arm-none-eabi/lib/thumb\libg.a(lib_a-makebuf.o)
 .text          0x02014204        0x0 c:/devkitpro/devkitarm/bin/../lib/gcc/arm-none-eabi/4.9.2/../../../../arm-none-eabi/lib/thumb\libg.a(lib_a-malloc.o)
 .text          0x02014204        0x0 c:/devkitpro/devkitarm/bin/../lib/gcc/arm-none-eabi/4.9.2/../../../../arm-none-eabi/lib/thumb\libg.a(lib_a-mallocr.o)
 .text          0x02014204        0x0 c:/devkitpro/devkitarm/bin/../lib/gcc/arm-none-eabi/4.9.2/../../../../arm-none-eabi/lib/thumb\libg.a(lib_a-mbrtowc.o)
 .text          0x02014204        0x0 c:/devkitpro/devkitarm/bin/../lib/gcc/arm-none-eabi/4.9.2/../../../../arm-none-eabi/lib/thumb\libg.a(lib_a-mbsrtowcs.o)
 .text          0x02014204        0x0 c:/devkitpro/devkitarm/bin/../lib/gcc/arm-none-eabi/4.9.2/../../../../arm-none-eabi/lib/thumb\libg.a(lib_a-mbtowc_r.o)
 .text          0x02014204        0x0 c:/devkitpro/devkitarm/bin/../lib/gcc/arm-none-eabi/4.9.2/../../../../arm-none-eabi/lib/thumb\libg.a(lib_a-memcmp.o)
 .text          0x02014204        0x0 c:/devkitpro/devkitarm/bin/../lib/gcc/arm-none-eabi/4.9.2/../../../../arm-none-eabi/lib/thumb\libg.a(lib_a-memcpy.o)
 .text          0x02014204        0x0 c:/devkitpro/devkitarm/bin/../lib/gcc/arm-none-eabi/4.9.2/../../../../arm-none-eabi/lib/thumb\libg.a(lib_a-memmove.o)
 .text          0x02014204        0x0 c:/devkitpro/devkitarm/bin/../lib/gcc/arm-none-eabi/4.9.2/../../../../arm-none-eabi/lib/thumb\libg.a(lib_a-memset.o)
 .text          0x02014204        0x0 c:/devkitpro/devkitarm/bin/../lib/gcc/arm-none-eabi/4.9.2/../../../../arm-none-eabi/lib/thumb\libg.a(lib_a-mktime.o)
 .text          0x02014204        0x0 c:/devkitpro/devkitarm/bin/../lib/gcc/arm-none-eabi/4.9.2/../../../../arm-none-eabi/lib/thumb\libg.a(lib_a-mlock.o)
 .text          0x02014204        0x0 c:/devkitpro/devkitarm/bin/../lib/gcc/arm-none-eabi/4.9.2/../../../../arm-none-eabi/lib/thumb\libg.a(lib_a-month_lengths.o)
 .text          0x02014204        0x0 c:/devkitpro/devkitarm/bin/../lib/gcc/arm-none-eabi/4.9.2/../../../../arm-none-eabi/lib/thumb\libg.a(lib_a-printf.o)
 .text          0x02014204        0x0 c:/devkitpro/devkitarm/bin/../lib/gcc/arm-none-eabi/4.9.2/../../../../arm-none-eabi/lib/thumb\libg.a(lib_a-puts.o)
 .text          0x02014204        0x0 c:/devkitpro/devkitarm/bin/../lib/gcc/arm-none-eabi/4.9.2/../../../../arm-none-eabi/lib/thumb\libg.a(lib_a-realloc.o)
 .text          0x02014204        0x0 c:/devkitpro/devkitarm/bin/../lib/gcc/arm-none-eabi/4.9.2/../../../../arm-none-eabi/lib/thumb\libg.a(lib_a-reallocr.o)
 .text          0x02014204        0x0 c:/devkitpro/devkitarm/bin/../lib/gcc/arm-none-eabi/4.9.2/../../../../arm-none-eabi/lib/thumb\libg.a(lib_a-refill.o)
 .text          0x02014204        0x0 c:/devkitpro/devkitarm/bin/../lib/gcc/arm-none-eabi/4.9.2/../../../../arm-none-eabi/lib/thumb\libg.a(lib_a-setvbuf.o)
 .text          0x02014204        0x0 c:/devkitpro/devkitarm/bin/../lib/gcc/arm-none-eabi/4.9.2/../../../../arm-none-eabi/lib/thumb\libg.a(lib_a-siscanf.o)
 .text          0x02014204        0x0 c:/devkitpro/devkitarm/bin/../lib/gcc/arm-none-eabi/4.9.2/../../../../arm-none-eabi/lib/thumb\libg.a(lib_a-stdio.o)
 .text          0x02014204        0x0 c:/devkitpro/devkitarm/bin/../lib/gcc/arm-none-eabi/4.9.2/../../../../arm-none-eabi/lib/thumb\libg.a(lib_a-stpcpy.o)
 .text          0x02014204        0x0 c:/devkitpro/devkitarm/bin/../lib/gcc/arm-none-eabi/4.9.2/../../../../arm-none-eabi/lib/thumb\libg.a(lib_a-strcasecmp.o)
 .text          0x02014204        0x0 c:/devkitpro/devkitarm/bin/../lib/gcc/arm-none-eabi/4.9.2/../../../../arm-none-eabi/lib/thumb\libg.a(lib_a-strcat.o)
 .text          0x02014204        0x0 c:/devkitpro/devkitarm/bin/../lib/gcc/arm-none-eabi/4.9.2/../../../../arm-none-eabi/lib/thumb\libg.a(lib_a-strchr.o)
 .text          0x02014204      0x224 c:/devkitpro/devkitarm/bin/../lib/gcc/arm-none-eabi/4.9.2/../../../../arm-none-eabi/lib/thumb\libg.a(lib_a-strcmp.o)
                0x02014204                strcmp
 .text          0x02014428        0x0 c:/devkitpro/devkitarm/bin/../lib/gcc/arm-none-eabi/4.9.2/../../../../arm-none-eabi/lib/thumb\libg.a(lib_a-strcpy.o)
 .text          0x02014428        0x0 c:/devkitpro/devkitarm/bin/../lib/gcc/arm-none-eabi/4.9.2/../../../../arm-none-eabi/lib/thumb\libg.a(lib_a-strdup.o)
 .text          0x02014428        0x0 c:/devkitpro/devkitarm/bin/../lib/gcc/arm-none-eabi/4.9.2/../../../../arm-none-eabi/lib/thumb\libg.a(lib_a-strdup_r.o)
 .text          0x02014428        0x0 c:/devkitpro/devkitarm/bin/../lib/gcc/arm-none-eabi/4.9.2/../../../../arm-none-eabi/lib/thumb\libg.a(lib_a-strlcpy.o)
 .text          0x02014428        0x0 c:/devkitpro/devkitarm/bin/../lib/gcc/arm-none-eabi/4.9.2/../../../../arm-none-eabi/lib/thumb\libg.a(lib_a-strlen.o)
 .text          0x02014428        0x0 c:/devkitpro/devkitarm/bin/../lib/gcc/arm-none-eabi/4.9.2/../../../../arm-none-eabi/lib/thumb\libg.a(lib_a-strncasecmp.o)
 .text          0x02014428        0x0 c:/devkitpro/devkitarm/bin/../lib/gcc/arm-none-eabi/4.9.2/../../../../arm-none-eabi/lib/thumb\libg.a(lib_a-strncmp.o)
 .text          0x02014428        0x0 c:/devkitpro/devkitarm/bin/../lib/gcc/arm-none-eabi/4.9.2/../../../../arm-none-eabi/lib/thumb\libg.a(lib_a-strncpy.o)
 .text          0x02014428        0x0 c:/devkitpro/devkitarm/bin/../lib/gcc/arm-none-eabi/4.9.2/../../../../arm-none-eabi/lib/thumb\libg.a(lib_a-strnlen.o)
 .text          0x02014428        0x0 c:/devkitpro/devkitarm/bin/../lib/gcc/arm-none-eabi/4.9.2/../../../../arm-none-eabi/lib/thumb\libg.a(lib_a-strpbrk.o)
 .text          0x02014428        0x0 c:/devkitpro/devkitarm/bin/../lib/gcc/arm-none-eabi/4.9.2/../../../../arm-none-eabi/lib/thumb\libg.a(lib_a-strrchr.o)
 .text          0x02014428        0x0 c:/devkitpro/devkitarm/bin/../lib/gcc/arm-none-eabi/4.9.2/../../../../arm-none-eabi/lib/thumb\libg.a(lib_a-strtol.o)
 .text          0x02014428        0x0 c:/devkitpro/devkitarm/bin/../lib/gcc/arm-none-eabi/4.9.2/../../../../arm-none-eabi/lib/thumb\libg.a(lib_a-svfiscanf.o)
 .text          0x02014428        0x0 c:/devkitpro/devkitarm/bin/../lib/gcc/arm-none-eabi/4.9.2/../../../../arm-none-eabi/lib/thumb\libg.a(lib_a-sysclose.o)
 .text          0x02014428        0x0 c:/devkitpro/devkitarm/bin/../lib/gcc/arm-none-eabi/4.9.2/../../../../arm-none-eabi/lib/thumb\libg.a(lib_a-syslseek.o)
 .text          0x02014428        0x0 c:/devkitpro/devkitarm/bin/../lib/gcc/arm-none-eabi/4.9.2/../../../../arm-none-eabi/lib/thumb\libg.a(lib_a-sysopen.o)
 .text          0x02014428        0x0 c:/devkitpro/devkitarm/bin/../lib/gcc/arm-none-eabi/4.9.2/../../../../arm-none-eabi/lib/thumb\libg.a(lib_a-sysread.o)
 .text          0x02014428        0x0 c:/devkitpro/devkitarm/bin/../lib/gcc/arm-none-eabi/4.9.2/../../../../arm-none-eabi/lib/thumb\libg.a(lib_a-time.o)
 .text          0x02014428        0x0 c:/devkitpro/devkitarm/bin/../lib/gcc/arm-none-eabi/4.9.2/../../../../arm-none-eabi/lib/thumb\libg.a(lib_a-towlower.o)
 .text          0x02014428        0x0 c:/devkitpro/devkitarm/bin/../lib/gcc/arm-none-eabi/4.9.2/../../../../arm-none-eabi/lib/thumb\libg.a(lib_a-towupper.o)
 .text          0x02014428        0x0 c:/devkitpro/devkitarm/bin/../lib/gcc/arm-none-eabi/4.9.2/../../../../arm-none-eabi/lib/thumb\libg.a(lib_a-tzcalc_limits.o)
 .text          0x02014428        0x0 c:/devkitpro/devkitarm/bin/../lib/gcc/arm-none-eabi/4.9.2/../../../../arm-none-eabi/lib/thumb\libg.a(lib_a-tzlock.o)
 .text          0x02014428        0x0 c:/devkitpro/devkitarm/bin/../lib/gcc/arm-none-eabi/4.9.2/../../../../arm-none-eabi/lib/thumb\libg.a(lib_a-tzvars.o)
 .text          0x02014428        0x0 c:/devkitpro/devkitarm/bin/../lib/gcc/arm-none-eabi/4.9.2/../../../../arm-none-eabi/lib/thumb\libg.a(lib_a-ungetc.o)
 .text          0x02014428        0x0 c:/devkitpro/devkitarm/bin/../lib/gcc/arm-none-eabi/4.9.2/../../../../arm-none-eabi/lib/thumb\libg.a(lib_a-vfiprintf.o)
 .text          0x02014428        0x0 c:/devkitpro/devkitarm/bin/../lib/gcc/arm-none-eabi/4.9.2/../../../../arm-none-eabi/lib/thumb\libg.a(lib_a-vfprintf.o)
 .text          0x02014428        0x0 c:/devkitpro/devkitarm/bin/../lib/gcc/arm-none-eabi/4.9.2/../../../../arm-none-eabi/lib/thumb\libg.a(lib_a-wcrtomb.o)
 .text          0x02014428        0x0 c:/devkitpro/devkitarm/bin/../lib/gcc/arm-none-eabi/4.9.2/../../../../arm-none-eabi/lib/thumb\libg.a(lib_a-wcsrtombs.o)
 .text          0x02014428        0x0 c:/devkitpro/devkitarm/bin/../lib/gcc/arm-none-eabi/4.9.2/../../../../arm-none-eabi/lib/thumb\libg.a(lib_a-wctob.o)
 .text          0x02014428        0x0 c:/devkitpro/devkitarm/bin/../lib/gcc/arm-none-eabi/4.9.2/../../../../arm-none-eabi/lib/thumb\libg.a(lib_a-wctomb_r.o)
 .text          0x02014428        0x0 c:/devkitpro/devkitarm/bin/../lib/gcc/arm-none-eabi/4.9.2/../../../../arm-none-eabi/lib/thumb\libg.a(lib_a-wsetup.o)
 .text          0x02014428        0x0 c:/devkitpro/devkitarm/bin/../lib/gcc/arm-none-eabi/4.9.2/../../../../arm-none-eabi/lib/thumb\libg.a(lib_a-div.o)
 .text          0x02014428        0x0 c:/devkitpro/devkitarm/bin/../lib/gcc/arm-none-eabi/4.9.2/../../../../arm-none-eabi/lib/thumb\libg.a(lib_a-dtoa.o)
 .text          0x02014428        0x0 c:/devkitpro/devkitarm/bin/../lib/gcc/arm-none-eabi/4.9.2/../../../../arm-none-eabi/lib/thumb\libg.a(lib_a-flags.o)
 .text          0x02014428        0x0 c:/devkitpro/devkitarm/bin/../lib/gcc/arm-none-eabi/4.9.2/../../../../arm-none-eabi/lib/thumb\libg.a(lib_a-fputwc.o)
 .text          0x02014428        0x0 c:/devkitpro/devkitarm/bin/../lib/gcc/arm-none-eabi/4.9.2/../../../../arm-none-eabi/lib/thumb\libg.a(lib_a-fvwrite.o)
 .text          0x02014428        0x0 c:/devkitpro/devkitarm/bin/../lib/gcc/arm-none-eabi/4.9.2/../../../../arm-none-eabi/lib/thumb\libg.a(lib_a-getenv_r.o)
 .text          0x02014428        0x0 c:/devkitpro/devkitarm/bin/../lib/gcc/arm-none-eabi/4.9.2/../../../../arm-none-eabi/lib/thumb\libg.a(lib_a-gettzinfo.o)
 .text          0x02014428        0x0 c:/devkitpro/devkitarm/bin/../lib/gcc/arm-none-eabi/4.9.2/../../../../arm-none-eabi/lib/thumb\libg.a(lib_a-gmtime_r.o)
 .text          0x02014428        0x0 c:/devkitpro/devkitarm/bin/../lib/gcc/arm-none-eabi/4.9.2/../../../../arm-none-eabi/lib/thumb\libg.a(lib_a-iswspace.o)
 .text          0x02014428        0x0 c:/devkitpro/devkitarm/bin/../lib/gcc/arm-none-eabi/4.9.2/../../../../arm-none-eabi/lib/thumb\libg.a(lib_a-jp2uc.o)
 .text          0x02014428        0x0 c:/devkitpro/devkitarm/bin/../lib/gcc/arm-none-eabi/4.9.2/../../../../arm-none-eabi/lib/thumb\libg.a(lib_a-mbsnrtowcs.o)
 .text          0x02014428        0x0 c:/devkitpro/devkitarm/bin/../lib/gcc/arm-none-eabi/4.9.2/../../../../arm-none-eabi/lib/thumb\libg.a(lib_a-memchr.o)
 .text          0x02014428        0x0 c:/devkitpro/devkitarm/bin/../lib/gcc/arm-none-eabi/4.9.2/../../../../arm-none-eabi/lib/thumb\libg.a(lib_a-mprec.o)
 .text          0x02014428        0x0 c:/devkitpro/devkitarm/bin/../lib/gcc/arm-none-eabi/4.9.2/../../../../arm-none-eabi/lib/thumb\libg.a(lib_a-sccl.o)
 .text          0x02014428        0x0 c:/devkitpro/devkitarm/bin/../lib/gcc/arm-none-eabi/4.9.2/../../../../arm-none-eabi/lib/thumb\libg.a(lib_a-s_fpclassify.o)
 .text          0x02014428        0x0 c:/devkitpro/devkitarm/bin/../lib/gcc/arm-none-eabi/4.9.2/../../../../arm-none-eabi/lib/thumb\libg.a(lib_a-s_frexp.o)
 .text          0x02014428        0x0 c:/devkitpro/devkitarm/bin/../lib/gcc/arm-none-eabi/4.9.2/../../../../arm-none-eabi/lib/thumb\libg.a(lib_a-strtoll_r.o)
 .text          0x02014428        0x0 c:/devkitpro/devkitarm/bin/../lib/gcc/arm-none-eabi/4.9.2/../../../../arm-none-eabi/lib/thumb\libg.a(lib_a-strtoull_r.o)
 .text          0x02014428        0x0 c:/devkitpro/devkitarm/bin/../lib/gcc/arm-none-eabi/4.9.2/../../../../arm-none-eabi/lib/thumb\libg.a(lib_a-strtoul.o)
 .text          0x02014428        0x0 c:/devkitpro/devkitarm/bin/../lib/gcc/arm-none-eabi/4.9.2/../../../../arm-none-eabi/lib/thumb\libg.a(lib_a-svfiprintf.o)
 .text          0x02014428        0x0 c:/devkitpro/devkitarm/bin/../lib/gcc/arm-none-eabi/4.9.2/../../../../arm-none-eabi/lib/thumb\libg.a(lib_a-wbuf.o)
 .text          0x02014428        0x0 c:/devkitpro/devkitarm/bin/../lib/gcc/arm-none-eabi/4.9.2/../../../../arm-none-eabi/lib/thumb\libg.a(lib_a-wcsnrtombs.o)
 .text          0x02014428        0x0 c:/devkitpro/devkitarm/bin/../lib/gcc/arm-none-eabi/4.9.2/../../../../arm-none-eabi/lib/thumb\libg.a(lib_a-callocr.o)
 .text          0x02014428        0x0 c:/devkitpro/devkitarm/bin/../lib/gcc/arm-none-eabi/4.9.2/../../../../arm-none-eabi/lib/thumb\libg.a(lib_a-environ.o)
 .text          0x02014428        0x0 c:/devkitpro/devkitarm/bin/../lib/gcc/arm-none-eabi/4.9.2/../../../../arm-none-eabi/lib/thumb\libg.a(lib_a-envlock.o)
 .text          0x02014428      0x140 c:/devkitpro/devkitarm/bin/../lib/gcc/arm-none-eabi/4.9.2/../../../../arm-none-eabi/lib/thumb\libsysbase.a(iosupport.o)
                0x02014428                setDefaultDevice
                0x02014438                FindDevice
                0x020144a8                RemoveDevice
                0x020144cc                AddDevice
                0x02014548                GetDeviceOpTab
 .text          0x02014568       0x54 c:/devkitpro/devkitarm/bin/../lib/gcc/arm-none-eabi/4.9.2/../../../../arm-none-eabi/lib/thumb\libsysbase.a(close.o)
                0x02014568                _close_r
 .text          0x020145bc       0x44 c:/devkitpro/devkitarm/bin/../lib/gcc/arm-none-eabi/4.9.2/../../../../arm-none-eabi/lib/thumb\libsysbase.a(fstat.o)
                0x020145bc                _fstat_r
 .text          0x02014600       0x28 c:/devkitpro/devkitarm/bin/../lib/gcc/arm-none-eabi/4.9.2/../../../../arm-none-eabi/lib/thumb\libsysbase.a(gettod.o)
                0x02014600                _gettimeofday_r
 .text          0x02014628        0x4 c:/devkitpro/devkitarm/bin/../lib/gcc/arm-none-eabi/4.9.2/../../../../arm-none-eabi/lib/thumb\libsysbase.a(isatty.o)
                0x02014628                _isatty_r
 .text          0x0201462c       0x48 c:/devkitpro/devkitarm/bin/../lib/gcc/arm-none-eabi/4.9.2/../../../../arm-none-eabi/lib/thumb\libsysbase.a(lseek.o)
                0x0201462c                _lseek_r
 .text          0x02014674       0xa0 c:/devkitpro/devkitarm/bin/../lib/gcc/arm-none-eabi/4.9.2/../../../../arm-none-eabi/lib/thumb\libsysbase.a(open.o)
                0x02014674                _open_r
 .text          0x02014714       0x48 c:/devkitpro/devkitarm/bin/../lib/gcc/arm-none-eabi/4.9.2/../../../../arm-none-eabi/lib/thumb\libsysbase.a(read.o)
                0x02014714                _read_r
 .text          0x0201475c       0x54 c:/devkitpro/devkitarm/bin/../lib/gcc/arm-none-eabi/4.9.2/../../../../arm-none-eabi/lib/thumb\libsysbase.a(sbrk.o)
                0x0201475c                _sbrk_r
 .text          0x020147b0       0x48 c:/devkitpro/devkitarm/bin/../lib/gcc/arm-none-eabi/4.9.2/../../../../arm-none-eabi/lib/thumb\libsysbase.a(write.o)
                0x020147b0                _write_r
 .text          0x020147f8        0x0 c:/devkitpro/devkitarm/bin/../lib/gcc/arm-none-eabi/4.9.2/../../../../arm-none-eabi/lib/thumb\libsysbase.a(malloc_vars.o)
 .text          0x020147f8      0x280 c:/devkitpro/devkitarm/bin/../lib/gcc/arm-none-eabi/4.9.2/../../../../arm-none-eabi/lib/thumb\libsysbase.a(chdir.o)
                0x020147f8                _concatenate_path
                0x02014934                chdir
                0x02014a14                getcwd
 .text          0x02014a78       0x50 c:/devkitpro/devkitarm/bin/../lib/gcc/arm-none-eabi/4.9.2/../../../../arm-none-eabi/lib/thumb\libsysbase.a(build_argv.o)
                0x02014a78                build_argv
 .text          0x02014ac8        0x8 c:/devkitpro/devkitarm/bin/../lib/gcc/arm-none-eabi/4.9.2/../../../../arm-none-eabi/lib/thumb\libsysbase.a(flock.o)
                0x02014ac8                __flockfile
                0x02014acc                __funlockfile
 .text          0x02014ad0      0x104 c:/devkitpro/devkitarm/bin/../lib/gcc/arm-none-eabi/4.9.2/../../../../arm-none-eabi/lib/thumb\libsysbase.a(syscall_support.o)
                0x02014ad0                __libc_lock_init
                0x02014ae8                __libc_lock_acquire
                0x02014b00                __libc_lock_try_acquire
                0x02014b20                __libc_lock_release
                0x02014b38                __libc_lock_close
                0x02014b50                __libc_lock_init_recursive
                0x02014b68                __libc_lock_acquire_recursive
                0x02014b80                __libc_lock_try_acquire_recursive
                0x02014ba0                __libc_lock_release_recursive
                0x02014bb8                __libc_lock_close_recursive
 .text          0x02014bd4      0x1a4 c:/devkitpro/devkitarm/bin/../lib/gcc/arm-none-eabi/4.9.2/../../../../arm-none-eabi/lib/thumb\libsysbase.a(handle_manager.o)
                0x02014bd4                __free_handle
                0x02014c08                __release_handle
                0x02014c30                __alloc_handle
                0x02014c74                __get_handle
                0x02014c90                dup
                0x02014ce8                dup2
 .text          0x02014d78       0x28 c:/devkitpro/devkitarm/bin/../lib/gcc/arm-none-eabi/4.9.2/../../../../arm-none-eabi/lib/thumb\libsysbase.a(getreent.o)
                0x02014d78                __getreent
 .text          0x02014da0      0x41c c:/devkitpro/devkitarm/bin/../lib/gcc/arm-none-eabi/4.9.2/thumb\libgcc.a(_arm_addsubdf3.o)
                0x02014da0                __aeabi_drsub
                0x02014da8                __aeabi_dsub
                0x02014da8                __subdf3
                0x02014dac                __aeabi_dadd
                0x02014dac                __adddf3
                0x020150bc                __floatunsidf
                0x020150bc                __aeabi_ui2d
                0x020150e0                __floatsidf
                0x020150e0                __aeabi_i2d
                0x02015108                __aeabi_f2d
                0x02015108                __extendsfdf2
                0x02015148                __floatundidf
                0x02015148                __aeabi_ul2d
                0x0201515c                __floatdidf
                0x0201515c                __aeabi_l2d
 .text          0x020151bc      0x49c c:/devkitpro/devkitarm/bin/../lib/gcc/arm-none-eabi/4.9.2/thumb\libgcc.a(_arm_muldivdf3.o)
                0x020151bc                __aeabi_dmul
                0x020151bc                __muldf3
                0x0201544c                __divdf3
                0x0201544c                __aeabi_ddiv
 .text          0x02015658      0x144 c:/devkitpro/devkitarm/bin/../lib/gcc/arm-none-eabi/4.9.2/thumb\libgcc.a(_arm_cmpdf2.o)
                0x02015658                __gtdf2
                0x02015658                __gedf2
                0x02015660                __ltdf2
                0x02015660                __ledf2
                0x02015668                __nedf2
                0x02015668                __eqdf2
                0x02015668                __cmpdf2
                0x020156f0                __aeabi_cdrcmple
                0x0201570c                __aeabi_cdcmpeq
                0x0201570c                __aeabi_cdcmple
                0x02015724                __aeabi_dcmpeq
                0x0201573c                __aeabi_dcmplt
                0x02015754                __aeabi_dcmple
                0x0201576c                __aeabi_dcmpge
                0x02015784                __aeabi_dcmpgt
 .text          0x0201579c       0x5c c:/devkitpro/devkitarm/bin/../lib/gcc/arm-none-eabi/4.9.2/thumb\libgcc.a(_arm_fixdfsi.o)
                0x0201579c                __aeabi_d2iz
                0x0201579c                __fixdfsi
 .text          0x020157f8       0x3c c:/devkitpro/devkitarm/bin/../lib/gcc/arm-none-eabi/4.9.2/thumb\libgcc.a(_aeabi_uldivmod.o)
                0x020157f8                __aeabi_uldivmod
 .text          0x02015834       0x74 c:/devkitpro/devkitarm/bin/../lib/gcc/arm-none-eabi/4.9.2/thumb\libgcc.a(bpabi.o)
                0x02015834                __gnu_ldivmod_helper
                0x02015870                __gnu_uldivmod_helper
 .text          0x020158a8      0x1f4 c:/devkitpro/devkitarm/bin/../lib/gcc/arm-none-eabi/4.9.2/thumb\libgcc.a(_divdi3.o)
                0x020158a8                __divdi3
 .text          0x02015a9c      0x15c c:/devkitpro/devkitarm/bin/../lib/gcc/arm-none-eabi/4.9.2/thumb\libgcc.a(_udivdi3.o)
                0x02015a9c                __udivdi3
 .text          0x02015bf8       0x28 c:/devkitpro/devkitarm/bin/../lib/gcc/arm-none-eabi/4.9.2/thumb\libgcc.a(_clzdi2.o)
                0x02015bf8                __clzdi2
 .text          0x02015c20       0x48 c:/devkitpro/devkitarm/bin/../lib/gcc/arm-none-eabi/4.9.2/thumb\libgcc.a(_clzsi2.o)
                0x02015c20                __clzsi2
 .text          0x02015c68        0x0 c:/devkitpro/devkitarm/bin/../lib/gcc/arm-none-eabi/4.9.2/../../../../arm-none-eabi/lib/thumb\libg.a(lib_a-errno.o)
 .text          0x02015c68        0x0 c:/devkitpro/devkitarm/bin/../lib/gcc/arm-none-eabi/4.9.2/thumb/crtend.o
 .text          0x02015c68        0x0 c:/devkitpro/devkitarm/bin/../lib/gcc/arm-none-eabi/4.9.2/thumb/crtn.o
 *(.text.*)
 .text.startup  0x02015c68       0x5c main.o
                0x02015c68                main
 .text.bsearch  0x02015cc4       0x64 c:/devkitpro/devkitarm/bin/../lib/gcc/arm-none-eabi/4.9.2/../../../../arm-none-eabi/lib/thumb\libg.a(lib_a-bsearch.o)
                0x02015cc4                bsearch
 .text.__set_ctype
                0x02015d28       0x10 c:/devkitpro/devkitarm/bin/../lib/gcc/arm-none-eabi/4.9.2/../../../../arm-none-eabi/lib/thumb\libg.a(lib_a-ctype_.o)
                0x02015d28                __set_ctype
 .text._fclose_r
                0x02015d38       0xac c:/devkitpro/devkitarm/bin/../lib/gcc/arm-none-eabi/4.9.2/../../../../arm-none-eabi/lib/thumb\libg.a(lib_a-fclose.o)
                0x02015d38                _fclose_r
 .text.fclose   0x02015de4       0x14 c:/devkitpro/devkitarm/bin/../lib/gcc/arm-none-eabi/4.9.2/../../../../arm-none-eabi/lib/thumb\libg.a(lib_a-fclose.o)
                0x02015de4                fclose
 .text.__sflush_r
                0x02015df8      0x168 c:/devkitpro/devkitarm/bin/../lib/gcc/arm-none-eabi/4.9.2/../../../../arm-none-eabi/lib/thumb\libg.a(lib_a-fflush.o)
                0x02015df8                __sflush_r
 .text._fflush_r
                0x02015f60       0x58 c:/devkitpro/devkitarm/bin/../lib/gcc/arm-none-eabi/4.9.2/../../../../arm-none-eabi/lib/thumb\libg.a(lib_a-fflush.o)
                0x02015f60                _fflush_r
 .text.fflush   0x02015fb8       0x2c c:/devkitpro/devkitarm/bin/../lib/gcc/arm-none-eabi/4.9.2/../../../../arm-none-eabi/lib/thumb\libg.a(lib_a-fflush.o)
                0x02015fb8                fflush
 .text._cleanup_r
                0x02015fe4       0x14 c:/devkitpro/devkitarm/bin/../lib/gcc/arm-none-eabi/4.9.2/../../../../arm-none-eabi/lib/thumb\libg.a(lib_a-findfp.o)
                0x02015fe4                _cleanup_r
 .text.__fp_lock
                0x02015ff8       0x14 c:/devkitpro/devkitarm/bin/../lib/gcc/arm-none-eabi/4.9.2/../../../../arm-none-eabi/lib/thumb\libg.a(lib_a-findfp.o)
 .text.__fp_unlock
                0x0201600c       0x14 c:/devkitpro/devkitarm/bin/../lib/gcc/arm-none-eabi/4.9.2/../../../../arm-none-eabi/lib/thumb\libg.a(lib_a-findfp.o)
 .text.__sinit.part.1
                0x02016020       0xfc c:/devkitpro/devkitarm/bin/../lib/gcc/arm-none-eabi/4.9.2/../../../../arm-none-eabi/lib/thumb\libg.a(lib_a-findfp.o)
 .text.__sfmoreglue
                0x0201611c       0x34 c:/devkitpro/devkitarm/bin/../lib/gcc/arm-none-eabi/4.9.2/../../../../arm-none-eabi/lib/thumb\libg.a(lib_a-findfp.o)
                0x0201611c                __sfmoreglue
 .text.__sfp    0x02016150       0x94 c:/devkitpro/devkitarm/bin/../lib/gcc/arm-none-eabi/4.9.2/../../../../arm-none-eabi/lib/thumb\libg.a(lib_a-findfp.o)
                0x02016150                __sfp
 .text._cleanup
                0x020161e4       0x1c c:/devkitpro/devkitarm/bin/../lib/gcc/arm-none-eabi/4.9.2/../../../../arm-none-eabi/lib/thumb\libg.a(lib_a-findfp.o)
                0x020161e4                _cleanup
 .text.__sinit  0x02016200       0x14 c:/devkitpro/devkitarm/bin/../lib/gcc/arm-none-eabi/4.9.2/../../../../arm-none-eabi/lib/thumb\libg.a(lib_a-findfp.o)
                0x02016200                __sinit
 .text.__sfp_lock_acquire
                0x02016214        0x4 c:/devkitpro/devkitarm/bin/../lib/gcc/arm-none-eabi/4.9.2/../../../../arm-none-eabi/lib/thumb\libg.a(lib_a-findfp.o)
                0x02016214                __sfp_lock_acquire
 .text.__sfp_lock_release
                0x02016218        0x4 c:/devkitpro/devkitarm/bin/../lib/gcc/arm-none-eabi/4.9.2/../../../../arm-none-eabi/lib/thumb\libg.a(lib_a-findfp.o)
                0x02016218                __sfp_lock_release
 .text.__sinit_lock_acquire
                0x0201621c        0x4 c:/devkitpro/devkitarm/bin/../lib/gcc/arm-none-eabi/4.9.2/../../../../arm-none-eabi/lib/thumb\libg.a(lib_a-findfp.o)
                0x0201621c                __sinit_lock_acquire
 .text.__sinit_lock_release
                0x02016220        0x4 c:/devkitpro/devkitarm/bin/../lib/gcc/arm-none-eabi/4.9.2/../../../../arm-none-eabi/lib/thumb\libg.a(lib_a-findfp.o)
                0x02016220                __sinit_lock_release
 .text.__fp_lock_all
                0x02016224       0x18 c:/devkitpro/devkitarm/bin/../lib/gcc/arm-none-eabi/4.9.2/../../../../arm-none-eabi/lib/thumb\libg.a(lib_a-findfp.o)
                0x02016224                __fp_lock_all
 .text.__fp_unlock_all
                0x0201623c       0x18 c:/devkitpro/devkitarm/bin/../lib/gcc/arm-none-eabi/4.9.2/../../../../arm-none-eabi/lib/thumb\libg.a(lib_a-findfp.o)
                0x0201623c                __fp_unlock_all
 .text._fopen_r
                0x02016254       0xac c:/devkitpro/devkitarm/bin/../lib/gcc/arm-none-eabi/4.9.2/../../../../arm-none-eabi/lib/thumb\libg.a(lib_a-fopen.o)
                0x02016254                _fopen_r
 .text.fopen    0x02016300       0x18 c:/devkitpro/devkitarm/bin/../lib/gcc/arm-none-eabi/4.9.2/../../../../arm-none-eabi/lib/thumb\libg.a(lib_a-fopen.o)
                0x02016300                fopen
 .text._fread_r
                0x02016318      0x1d0 c:/devkitpro/devkitarm/bin/../lib/gcc/arm-none-eabi/4.9.2/../../../../arm-none-eabi/lib/thumb\libg.a(lib_a-fread.o)
                0x02016318                _fread_r
 .text.fread    0x020164e8       0x24 c:/devkitpro/devkitarm/bin/../lib/gcc/arm-none-eabi/4.9.2/../../../../arm-none-eabi/lib/thumb\libg.a(lib_a-fread.o)
                0x020164e8                fread
 .text._malloc_trim_r
                0x0201650c       0xa4 c:/devkitpro/devkitarm/bin/../lib/gcc/arm-none-eabi/4.9.2/../../../../arm-none-eabi/lib/thumb\libg.a(lib_a-freer.o)
                0x0201650c                _malloc_trim_r
 .text._free_r  0x020165b0      0x1b0 c:/devkitpro/devkitarm/bin/../lib/gcc/arm-none-eabi/4.9.2/../../../../arm-none-eabi/lib/thumb\libg.a(lib_a-freer.o)
                0x020165b0                _free_r
 .text._fseek_r
                0x02016760        0xc c:/devkitpro/devkitarm/bin/../lib/gcc/arm-none-eabi/4.9.2/../../../../arm-none-eabi/lib/thumb\libg.a(lib_a-fseek.o)
                0x02016760                _fseek_r
 .text.fseek    0x0201676c       0x1c c:/devkitpro/devkitarm/bin/../lib/gcc/arm-none-eabi/4.9.2/../../../../arm-none-eabi/lib/thumb\libg.a(lib_a-fseek.o)
                0x0201676c                fseek
 .text._fseeko_r
                0x02016788      0x348 c:/devkitpro/devkitarm/bin/../lib/gcc/arm-none-eabi/4.9.2/../../../../arm-none-eabi/lib/thumb\libg.a(lib_a-fseeko.o)
                0x02016788                _fseeko_r
 .text.fseeko   0x02016ad0       0x1c c:/devkitpro/devkitarm/bin/../lib/gcc/arm-none-eabi/4.9.2/../../../../arm-none-eabi/lib/thumb\libg.a(lib_a-fseeko.o)
                0x02016ad0                fseeko
 .text._fwalk   0x02016aec       0x50 c:/devkitpro/devkitarm/bin/../lib/gcc/arm-none-eabi/4.9.2/../../../../arm-none-eabi/lib/thumb\libg.a(lib_a-fwalk.o)
                0x02016aec                _fwalk
 .text._fwalk_reent
                0x02016b3c       0x58 c:/devkitpro/devkitarm/bin/../lib/gcc/arm-none-eabi/4.9.2/../../../../arm-none-eabi/lib/thumb\libg.a(lib_a-fwalk.o)
                0x02016b3c                _fwalk_reent
 .text.__libc_init_array
                0x02016b94       0x58 c:/devkitpro/devkitarm/bin/../lib/gcc/arm-none-eabi/4.9.2/../../../../arm-none-eabi/lib/thumb\libg.a(lib_a-init.o)
                0x02016b94                __libc_init_array
 .text.iprintf  0x02016bec       0x24 c:/devkitpro/devkitarm/bin/../lib/gcc/arm-none-eabi/4.9.2/../../../../arm-none-eabi/lib/thumb\libg.a(lib_a-iprintf.o)
                0x02016bec                iprintf
 .text._iprintf_r
                0x02016c10       0x1c c:/devkitpro/devkitarm/bin/../lib/gcc/arm-none-eabi/4.9.2/../../../../arm-none-eabi/lib/thumb\libg.a(lib_a-iprintf.o)
                0x02016c10                _iprintf_r
 .text.localtime_r
                0x02016c2c      0x210 c:/devkitpro/devkitarm/bin/../lib/gcc/arm-none-eabi/4.9.2/../../../../arm-none-eabi/lib/thumb\libg.a(lib_a-lcltime_r.o)
                0x02016c2c                localtime_r
 .text.__get_locale_env
                0x02016e3c       0x58 c:/devkitpro/devkitarm/bin/../lib/gcc/arm-none-eabi/4.9.2/../../../../arm-none-eabi/lib/thumb\libg.a(lib_a-locale.o)
 .text.loadlocale
                0x02016e94      0x620 c:/devkitpro/devkitarm/bin/../lib/gcc/arm-none-eabi/4.9.2/../../../../arm-none-eabi/lib/thumb\libg.a(lib_a-locale.o)
 .text.currentlocale
                0x020174b4       0x64 c:/devkitpro/devkitarm/bin/../lib/gcc/arm-none-eabi/4.9.2/../../../../arm-none-eabi/lib/thumb\libg.a(lib_a-locale.o)
 .text._setlocale_r
                0x02017518      0x210 c:/devkitpro/devkitarm/bin/../lib/gcc/arm-none-eabi/4.9.2/../../../../arm-none-eabi/lib/thumb\libg.a(lib_a-locale.o)
                0x02017518                _setlocale_r
 .text.__locale_charset
                0x02017728        0x8 c:/devkitpro/devkitarm/bin/../lib/gcc/arm-none-eabi/4.9.2/../../../../arm-none-eabi/lib/thumb\libg.a(lib_a-locale.o)
                0x02017728                __locale_charset
 .text.__locale_mb_cur_max
                0x02017730        0xc c:/devkitpro/devkitarm/bin/../lib/gcc/arm-none-eabi/4.9.2/../../../../arm-none-eabi/lib/thumb\libg.a(lib_a-locale.o)
                0x02017730                __locale_mb_cur_max
 .text.__locale_msgcharset
                0x0201773c        0x8 c:/devkitpro/devkitarm/bin/../lib/gcc/arm-none-eabi/4.9.2/../../../../arm-none-eabi/lib/thumb\libg.a(lib_a-locale.o)
                0x0201773c                __locale_msgcharset
 .text.__locale_cjk_lang
                0x02017744        0xc c:/devkitpro/devkitarm/bin/../lib/gcc/arm-none-eabi/4.9.2/../../../../arm-none-eabi/lib/thumb\libg.a(lib_a-locale.o)
                0x02017744                __locale_cjk_lang
 .text._localeconv_r
                0x02017750        0x8 c:/devkitpro/devkitarm/bin/../lib/gcc/arm-none-eabi/4.9.2/../../../../arm-none-eabi/lib/thumb\libg.a(lib_a-locale.o)
                0x02017750                _localeconv_r
 .text.setlocale
                0x02017758       0x18 c:/devkitpro/devkitarm/bin/../lib/gcc/arm-none-eabi/4.9.2/../../../../arm-none-eabi/lib/thumb\libg.a(lib_a-locale.o)
                0x02017758                setlocale
 .text.localeconv
                0x02017770       0x14 c:/devkitpro/devkitarm/bin/../lib/gcc/arm-none-eabi/4.9.2/../../../../arm-none-eabi/lib/thumb\libg.a(lib_a-locale.o)
                0x02017770                localeconv
 .text.__smakebuf_r
                0x02017784      0x100 c:/devkitpro/devkitarm/bin/../lib/gcc/arm-none-eabi/4.9.2/../../../../arm-none-eabi/lib/thumb\libg.a(lib_a-makebuf.o)
                0x02017784                __smakebuf_r
 .text.malloc   0x02017884       0x14 c:/devkitpro/devkitarm/bin/../lib/gcc/arm-none-eabi/4.9.2/../../../../arm-none-eabi/lib/thumb\libg.a(lib_a-malloc.o)
                0x02017884                malloc
 .text.free     0x02017898       0x14 c:/devkitpro/devkitarm/bin/../lib/gcc/arm-none-eabi/4.9.2/../../../../arm-none-eabi/lib/thumb\libg.a(lib_a-malloc.o)
                0x02017898                free
 .text._malloc_r
                0x020178ac      0x54c c:/devkitpro/devkitarm/bin/../lib/gcc/arm-none-eabi/4.9.2/../../../../arm-none-eabi/lib/thumb\libg.a(lib_a-mallocr.o)
                0x020178ac                _malloc_r
 .text._mbrtowc_r
                0x02017df8       0x7c c:/devkitpro/devkitarm/bin/../lib/gcc/arm-none-eabi/4.9.2/../../../../arm-none-eabi/lib/thumb\libg.a(lib_a-mbrtowc.o)
                0x02017df8                _mbrtowc_r
 .text.mbrtowc  0x02017e74       0x80 c:/devkitpro/devkitarm/bin/../lib/gcc/arm-none-eabi/4.9.2/../../../../arm-none-eabi/lib/thumb\libg.a(lib_a-mbrtowc.o)
                0x02017e74                mbrtowc
 .text._mbsrtowcs_r
                0x02017ef4       0x18 c:/devkitpro/devkitarm/bin/../lib/gcc/arm-none-eabi/4.9.2/../../../../arm-none-eabi/lib/thumb\libg.a(lib_a-mbsrtowcs.o)
                0x02017ef4                _mbsrtowcs_r
 .text.mbsrtowcs
                0x02017f0c       0x28 c:/devkitpro/devkitarm/bin/../lib/gcc/arm-none-eabi/4.9.2/../../../../arm-none-eabi/lib/thumb\libg.a(lib_a-mbsrtowcs.o)
                0x02017f0c                mbsrtowcs
 .text.__utf8_mbtowc
                0x02017f34      0x2bc c:/devkitpro/devkitarm/bin/../lib/gcc/arm-none-eabi/4.9.2/../../../../arm-none-eabi/lib/thumb\libg.a(lib_a-mbtowc_r.o)
                0x02017f34                __utf8_mbtowc
 .text._mbtowc_r
                0x020181f0       0x40 c:/devkitpro/devkitarm/bin/../lib/gcc/arm-none-eabi/4.9.2/../../../../arm-none-eabi/lib/thumb\libg.a(lib_a-mbtowc_r.o)
                0x020181f0                _mbtowc_r
 .text.__ascii_mbtowc
                0x02018230       0x2c c:/devkitpro/devkitarm/bin/../lib/gcc/arm-none-eabi/4.9.2/../../../../arm-none-eabi/lib/thumb\libg.a(lib_a-mbtowc_r.o)
                0x02018230                __ascii_mbtowc
 .text.__sjis_mbtowc
                0x0201825c       0xb4 c:/devkitpro/devkitarm/bin/../lib/gcc/arm-none-eabi/4.9.2/../../../../arm-none-eabi/lib/thumb\libg.a(lib_a-mbtowc_r.o)
                0x0201825c                __sjis_mbtowc
 .text.__eucjp_mbtowc
                0x02018310       0xd0 c:/devkitpro/devkitarm/bin/../lib/gcc/arm-none-eabi/4.9.2/../../../../arm-none-eabi/lib/thumb\libg.a(lib_a-mbtowc_r.o)
                0x02018310                __eucjp_mbtowc
 .text.__jis_mbtowc
                0x020183e0      0x148 c:/devkitpro/devkitarm/bin/../lib/gcc/arm-none-eabi/4.9.2/../../../../arm-none-eabi/lib/thumb\libg.a(lib_a-mbtowc_r.o)
                0x020183e0                __jis_mbtowc
 .text.memcmp   0x02018528       0x54 c:/devkitpro/devkitarm/bin/../lib/gcc/arm-none-eabi/4.9.2/../../../../arm-none-eabi/lib/thumb\libg.a(lib_a-memcmp.o)
                0x02018528                memcmp
 .text.memcpy   0x0201857c       0x84 c:/devkitpro/devkitarm/bin/../lib/gcc/arm-none-eabi/4.9.2/../../../../arm-none-eabi/lib/thumb\libg.a(lib_a-memcpy.o)
                0x0201857c                memcpy
 .text.memmove  0x02018600       0x9c c:/devkitpro/devkitarm/bin/../lib/gcc/arm-none-eabi/4.9.2/../../../../arm-none-eabi/lib/thumb\libg.a(lib_a-memmove.o)
                0x02018600                memmove
 .text.memset   0x0201869c       0x98 c:/devkitpro/devkitarm/bin/../lib/gcc/arm-none-eabi/4.9.2/../../../../arm-none-eabi/lib/thumb\libg.a(lib_a-memset.o)
                0x0201869c                memset
 .text.validate_structure
                0x02018734      0x204 c:/devkitpro/devkitarm/bin/../lib/gcc/arm-none-eabi/4.9.2/../../../../arm-none-eabi/lib/thumb\libg.a(lib_a-mktime.o)
 .text.mktime   0x02018938      0x374 c:/devkitpro/devkitarm/bin/../lib/gcc/arm-none-eabi/4.9.2/../../../../arm-none-eabi/lib/thumb\libg.a(lib_a-mktime.o)
                0x02018938                mktime
 .text.__malloc_lock
                0x02018cac        0x4 c:/devkitpro/devkitarm/bin/../lib/gcc/arm-none-eabi/4.9.2/../../../../arm-none-eabi/lib/thumb\libg.a(lib_a-mlock.o)
                0x02018cac                __malloc_lock
 .text.__malloc_unlock
                0x02018cb0        0x4 c:/devkitpro/devkitarm/bin/../lib/gcc/arm-none-eabi/4.9.2/../../../../arm-none-eabi/lib/thumb\libg.a(lib_a-mlock.o)
                0x02018cb0                __malloc_unlock
 .text._printf_r
                0x02018cb4       0x1c c:/devkitpro/devkitarm/bin/../lib/gcc/arm-none-eabi/4.9.2/../../../../arm-none-eabi/lib/thumb\libg.a(lib_a-printf.o)
                0x02018cb4                _printf_r
 .text.printf   0x02018cd0       0x24 c:/devkitpro/devkitarm/bin/../lib/gcc/arm-none-eabi/4.9.2/../../../../arm-none-eabi/lib/thumb\libg.a(lib_a-printf.o)
                0x02018cd0                printf
 .text._puts_r  0x02018cf4       0x90 c:/devkitpro/devkitarm/bin/../lib/gcc/arm-none-eabi/4.9.2/../../../../arm-none-eabi/lib/thumb\libg.a(lib_a-puts.o)
                0x02018cf4                _puts_r
 .text.puts     0x02018d84       0x14 c:/devkitpro/devkitarm/bin/../lib/gcc/arm-none-eabi/4.9.2/../../../../arm-none-eabi/lib/thumb\libg.a(lib_a-puts.o)
                0x02018d84                puts
 .text.realloc  0x02018d98       0x18 c:/devkitpro/devkitarm/bin/../lib/gcc/arm-none-eabi/4.9.2/../../../../arm-none-eabi/lib/thumb\libg.a(lib_a-realloc.o)
                0x02018d98                realloc
 .text._realloc_r
                0x02018db0      0x3dc c:/devkitpro/devkitarm/bin/../lib/gcc/arm-none-eabi/4.9.2/../../../../arm-none-eabi/lib/thumb\libg.a(lib_a-reallocr.o)
                0x02018db0                _realloc_r
 .text.lflush   0x0201918c       0x20 c:/devkitpro/devkitarm/bin/../lib/gcc/arm-none-eabi/4.9.2/../../../../arm-none-eabi/lib/thumb\libg.a(lib_a-refill.o)
 .text.__srefill_r
                0x020191ac      0x12c c:/devkitpro/devkitarm/bin/../lib/gcc/arm-none-eabi/4.9.2/../../../../arm-none-eabi/lib/thumb\libg.a(lib_a-refill.o)
                0x020191ac                __srefill_r
 .text.setvbuf  0x020192d8      0x154 c:/devkitpro/devkitarm/bin/../lib/gcc/arm-none-eabi/4.9.2/../../../../arm-none-eabi/lib/thumb\libg.a(lib_a-setvbuf.o)
                0x020192d8                setvbuf
 .text.siscanf  0x0201942c       0x4c c:/devkitpro/devkitarm/bin/../lib/gcc/arm-none-eabi/4.9.2/../../../../arm-none-eabi/lib/thumb\libg.a(lib_a-siscanf.o)
                0x0201942c                siscanf
 .text._siscanf_r
                0x02019478       0x50 c:/devkitpro/devkitarm/bin/../lib/gcc/arm-none-eabi/4.9.2/../../../../arm-none-eabi/lib/thumb\libg.a(lib_a-siscanf.o)
                0x02019478                _siscanf_r
 .text.__sread  0x020194c8       0x2c c:/devkitpro/devkitarm/bin/../lib/gcc/arm-none-eabi/4.9.2/../../../../arm-none-eabi/lib/thumb\libg.a(lib_a-stdio.o)
                0x020194c8                __sread
 .text.__seofread
                0x020194f4        0x4 c:/devkitpro/devkitarm/bin/../lib/gcc/arm-none-eabi/4.9.2/../../../../arm-none-eabi/lib/thumb\libg.a(lib_a-stdio.o)
                0x020194f4                __seofread
 .text.__swrite
                0x020194f8       0x44 c:/devkitpro/devkitarm/bin/../lib/gcc/arm-none-eabi/4.9.2/../../../../arm-none-eabi/lib/thumb\libg.a(lib_a-stdio.o)
                0x020194f8                __swrite
 .text.__sseek  0x0201953c       0x30 c:/devkitpro/devkitarm/bin/../lib/gcc/arm-none-eabi/4.9.2/../../../../arm-none-eabi/lib/thumb\libg.a(lib_a-stdio.o)
                0x0201953c                __sseek
 .text.__sclose
                0x0201956c       0x10 c:/devkitpro/devkitarm/bin/../lib/gcc/arm-none-eabi/4.9.2/../../../../arm-none-eabi/lib/thumb\libg.a(lib_a-stdio.o)
                0x0201956c                __sclose
 .text.stpcpy   0x0201957c       0x4c c:/devkitpro/devkitarm/bin/../lib/gcc/arm-none-eabi/4.9.2/../../../../arm-none-eabi/lib/thumb\libg.a(lib_a-stpcpy.o)
                0x0201957c                stpcpy
 .text.strcasecmp
                0x020195c8       0x58 c:/devkitpro/devkitarm/bin/../lib/gcc/arm-none-eabi/4.9.2/../../../../arm-none-eabi/lib/thumb\libg.a(lib_a-strcasecmp.o)
                0x020195c8                strcasecmp
 .text.strcat   0x02019620       0x54 c:/devkitpro/devkitarm/bin/../lib/gcc/arm-none-eabi/4.9.2/../../../../arm-none-eabi/lib/thumb\libg.a(lib_a-strcat.o)
                0x02019620                strcat
 .text.strchr   0x02019674       0xdc c:/devkitpro/devkitarm/bin/../lib/gcc/arm-none-eabi/4.9.2/../../../../arm-none-eabi/lib/thumb\libg.a(lib_a-strchr.o)
                0x02019674                strchr
 .text.strcpy   0x02019750       0x10 c:/devkitpro/devkitarm/bin/../lib/gcc/arm-none-eabi/4.9.2/../../../../arm-none-eabi/lib/thumb\libg.a(lib_a-strcpy.o)
                0x02019750                strcpy
 .text.strdup   0x02019760       0x14 c:/devkitpro/devkitarm/bin/../lib/gcc/arm-none-eabi/4.9.2/../../../../arm-none-eabi/lib/thumb\libg.a(lib_a-strdup.o)
                0x02019760                strdup
 .text._strdup_r
                0x02019774       0x2c c:/devkitpro/devkitarm/bin/../lib/gcc/arm-none-eabi/4.9.2/../../../../arm-none-eabi/lib/thumb\libg.a(lib_a-strdup_r.o)
                0x02019774                _strdup_r
 .text.strlcpy  0x020197a0       0x4c c:/devkitpro/devkitarm/bin/../lib/gcc/arm-none-eabi/4.9.2/../../../../arm-none-eabi/lib/thumb\libg.a(lib_a-strlcpy.o)
                0x020197a0                strlcpy
 .text.strlen   0x020197ec       0x6c c:/devkitpro/devkitarm/bin/../lib/gcc/arm-none-eabi/4.9.2/../../../../arm-none-eabi/lib/thumb\libg.a(lib_a-strlen.o)
                0x020197ec                strlen
 .text.strncasecmp
                0x02019858       0x5c c:/devkitpro/devkitarm/bin/../lib/gcc/arm-none-eabi/4.9.2/../../../../arm-none-eabi/lib/thumb\libg.a(lib_a-strncasecmp.o)
                0x02019858                strncasecmp
 .text.strncmp  0x020198b4       0x98 c:/devkitpro/devkitarm/bin/../lib/gcc/arm-none-eabi/4.9.2/../../../../arm-none-eabi/lib/thumb\libg.a(lib_a-strncmp.o)
                0x020198b4                strncmp
 .text.strncpy  0x0201994c       0x7c c:/devkitpro/devkitarm/bin/../lib/gcc/arm-none-eabi/4.9.2/../../../../arm-none-eabi/lib/thumb\libg.a(lib_a-strncpy.o)
                0x0201994c                strncpy
 .text.strnlen  0x020199c8       0x34 c:/devkitpro/devkitarm/bin/../lib/gcc/arm-none-eabi/4.9.2/../../../../arm-none-eabi/lib/thumb\libg.a(lib_a-strnlen.o)
                0x020199c8                strnlen
 .text.strpbrk  0x020199fc       0x50 c:/devkitpro/devkitarm/bin/../lib/gcc/arm-none-eabi/4.9.2/../../../../arm-none-eabi/lib/thumb\libg.a(lib_a-strpbrk.o)
                0x020199fc                strpbrk
 .text.strrchr  0x02019a4c       0x2c c:/devkitpro/devkitarm/bin/../lib/gcc/arm-none-eabi/4.9.2/../../../../arm-none-eabi/lib/thumb\libg.a(lib_a-strrchr.o)
                0x02019a4c                strrchr
 .text._strtol_r
                0x02019a78      0x15c c:/devkitpro/devkitarm/bin/../lib/gcc/arm-none-eabi/4.9.2/../../../../arm-none-eabi/lib/thumb\libg.a(lib_a-strtol.o)
                0x02019a78                _strtol_r
 .text.strtol   0x02019bd4       0x1c c:/devkitpro/devkitarm/bin/../lib/gcc/arm-none-eabi/4.9.2/../../../../arm-none-eabi/lib/thumb\libg.a(lib_a-strtol.o)
                0x02019bd4                strtol
 .text._sungetc_r
                0x02019bf0       0x88 c:/devkitpro/devkitarm/bin/../lib/gcc/arm-none-eabi/4.9.2/../../../../arm-none-eabi/lib/thumb\libg.a(lib_a-svfiscanf.o)
                0x02019bf0                _sungetc_r
 .text.__ssrefill_r
                0x02019c78       0x44 c:/devkitpro/devkitarm/bin/../lib/gcc/arm-none-eabi/4.9.2/../../../../arm-none-eabi/lib/thumb\libg.a(lib_a-svfiscanf.o)
                0x02019c78                __ssrefill_r
 .text._sfread_r
                0x02019cbc       0x8c c:/devkitpro/devkitarm/bin/../lib/gcc/arm-none-eabi/4.9.2/../../../../arm-none-eabi/lib/thumb\libg.a(lib_a-svfiscanf.o)
                0x02019cbc                _sfread_r
 .text.__ssvfiscanf_r
                0x02019d48     0x14b0 c:/devkitpro/devkitarm/bin/../lib/gcc/arm-none-eabi/4.9.2/../../../../arm-none-eabi/lib/thumb\libg.a(lib_a-svfiscanf.o)
                0x02019d48                __ssvfiscanf_r
 .text.close    0x0201b1f8       0x14 c:/devkitpro/devkitarm/bin/../lib/gcc/arm-none-eabi/4.9.2/../../../../arm-none-eabi/lib/thumb\libg.a(lib_a-sysclose.o)
                0x0201b1f8                close
 .text.lseek    0x0201b20c       0x1c c:/devkitpro/devkitarm/bin/../lib/gcc/arm-none-eabi/4.9.2/../../../../arm-none-eabi/lib/thumb\libg.a(lib_a-syslseek.o)
                0x0201b20c                lseek
 .text.open     0x0201b228       0x28 c:/devkitpro/devkitarm/bin/../lib/gcc/arm-none-eabi/4.9.2/../../../../arm-none-eabi/lib/thumb\libg.a(lib_a-sysopen.o)
                0x0201b228                open
 .text.read     0x0201b250       0x1c c:/devkitpro/devkitarm/bin/../lib/gcc/arm-none-eabi/4.9.2/../../../../arm-none-eabi/lib/thumb\libg.a(lib_a-sysread.o)
                0x0201b250                read
 .text.time     0x0201b26c       0x2c c:/devkitpro/devkitarm/bin/../lib/gcc/arm-none-eabi/4.9.2/../../../../arm-none-eabi/lib/thumb\libg.a(lib_a-time.o)
                0x0201b26c                time
 .text.towlower
                0x0201b298      0x7e0 c:/devkitpro/devkitarm/bin/../lib/gcc/arm-none-eabi/4.9.2/../../../../arm-none-eabi/lib/thumb\libg.a(lib_a-towlower.o)
                0x0201b298                towlower
 .text.towupper
                0x0201ba78      0x9a8 c:/devkitpro/devkitarm/bin/../lib/gcc/arm-none-eabi/4.9.2/../../../../arm-none-eabi/lib/thumb\libg.a(lib_a-towupper.o)
                0x0201ba78                towupper
 .text.__tzcalc_limits
                0x0201c420      0x1a4 c:/devkitpro/devkitarm/bin/../lib/gcc/arm-none-eabi/4.9.2/../../../../arm-none-eabi/lib/thumb\libg.a(lib_a-tzcalc_limits.o)
                0x0201c420                __tzcalc_limits
 .text.__tz_lock
                0x0201c5c4        0x4 c:/devkitpro/devkitarm/bin/../lib/gcc/arm-none-eabi/4.9.2/../../../../arm-none-eabi/lib/thumb\libg.a(lib_a-tzlock.o)
                0x0201c5c4                __tz_lock
 .text.__tz_unlock
                0x0201c5c8        0x4 c:/devkitpro/devkitarm/bin/../lib/gcc/arm-none-eabi/4.9.2/../../../../arm-none-eabi/lib/thumb\libg.a(lib_a-tzlock.o)
                0x0201c5c8                __tz_unlock
 .text.__submore
                0x0201c5cc       0x88 c:/devkitpro/devkitarm/bin/../lib/gcc/arm-none-eabi/4.9.2/../../../../arm-none-eabi/lib/thumb\libg.a(lib_a-ungetc.o)
                0x0201c5cc                __submore
 .text._ungetc_r
                0x0201c654      0x138 c:/devkitpro/devkitarm/bin/../lib/gcc/arm-none-eabi/4.9.2/../../../../arm-none-eabi/lib/thumb\libg.a(lib_a-ungetc.o)
                0x0201c654                _ungetc_r
 .text.ungetc   0x0201c78c       0x18 c:/devkitpro/devkitarm/bin/../lib/gcc/arm-none-eabi/4.9.2/../../../../arm-none-eabi/lib/thumb\libg.a(lib_a-ungetc.o)
                0x0201c78c                ungetc
 .text.get_arg  0x0201c7a4      0x4a8 c:/devkitpro/devkitarm/bin/../lib/gcc/arm-none-eabi/4.9.2/../../../../arm-none-eabi/lib/thumb\libg.a(lib_a-vfiprintf.o)
 .text.__sprint_r.part.0
                0x0201cc4c       0x80 c:/devkitpro/devkitarm/bin/../lib/gcc/arm-none-eabi/4.9.2/../../../../arm-none-eabi/lib/thumb\libg.a(lib_a-vfiprintf.o)
 .text.__sprint_r
                0x0201cccc       0x18 c:/devkitpro/devkitarm/bin/../lib/gcc/arm-none-eabi/4.9.2/../../../../arm-none-eabi/lib/thumb\libg.a(lib_a-vfiprintf.o)
                0x0201cccc                __sprint_r
 .text._vfiprintf_r
                0x0201cce4     0x1f58 c:/devkitpro/devkitarm/bin/../lib/gcc/arm-none-eabi/4.9.2/../../../../arm-none-eabi/lib/thumb\libg.a(lib_a-vfiprintf.o)
                0x0201cce4                _vfiprintf_r
 .text.vfiprintf
                0x0201ec3c       0x1c c:/devkitpro/devkitarm/bin/../lib/gcc/arm-none-eabi/4.9.2/../../../../arm-none-eabi/lib/thumb\libg.a(lib_a-vfiprintf.o)
                0x0201ec3c                vfiprintf
 .text.__sbprintf
                0x0201ec58       0x78 c:/devkitpro/devkitarm/bin/../lib/gcc/arm-none-eabi/4.9.2/../../../../arm-none-eabi/lib/thumb\libg.a(lib_a-vfiprintf.o)
 .text.get_arg  0x0201ecd0      0x4a8 c:/devkitpro/devkitarm/bin/../lib/gcc/arm-none-eabi/4.9.2/../../../../arm-none-eabi/lib/thumb\libg.a(lib_a-vfprintf.o)
 .text._vfprintf_r
                0x0201f178     0x2f20 c:/devkitpro/devkitarm/bin/../lib/gcc/arm-none-eabi/4.9.2/../../../../arm-none-eabi/lib/thumb\libg.a(lib_a-vfprintf.o)
                0x0201f178                _vfprintf_r
 .text.vfprintf
                0x02022098       0x1c c:/devkitpro/devkitarm/bin/../lib/gcc/arm-none-eabi/4.9.2/../../../../arm-none-eabi/lib/thumb\libg.a(lib_a-vfprintf.o)
                0x02022098                vfprintf
 .text.__sbprintf
                0x020220b4       0x78 c:/devkitpro/devkitarm/bin/../lib/gcc/arm-none-eabi/4.9.2/../../../../arm-none-eabi/lib/thumb\libg.a(lib_a-vfprintf.o)
 .text._wcrtomb_r
                0x0202212c       0x6c c:/devkitpro/devkitarm/bin/../lib/gcc/arm-none-eabi/4.9.2/../../../../arm-none-eabi/lib/thumb\libg.a(lib_a-wcrtomb.o)
                0x0202212c                _wcrtomb_r
 .text.wcrtomb  0x02022198       0x74 c:/devkitpro/devkitarm/bin/../lib/gcc/arm-none-eabi/4.9.2/../../../../arm-none-eabi/lib/thumb\libg.a(lib_a-wcrtomb.o)
                0x02022198                wcrtomb
 .text._wcsrtombs_r
                0x0202220c       0x18 c:/devkitpro/devkitarm/bin/../lib/gcc/arm-none-eabi/4.9.2/../../../../arm-none-eabi/lib/thumb\libg.a(lib_a-wcsrtombs.o)
                0x0202220c                _wcsrtombs_r
 .text.wcsrtombs
                0x02022224       0x28 c:/devkitpro/devkitarm/bin/../lib/gcc/arm-none-eabi/4.9.2/../../../../arm-none-eabi/lib/thumb\libg.a(lib_a-wcsrtombs.o)
                0x02022224                wcsrtombs
 .text.wctob    0x0202224c       0x50 c:/devkitpro/devkitarm/bin/../lib/gcc/arm-none-eabi/4.9.2/../../../../arm-none-eabi/lib/thumb\libg.a(lib_a-wctob.o)
                0x0202224c                wctob
 .text.__utf8_wctomb
                0x0202229c       0xc0 c:/devkitpro/devkitarm/bin/../lib/gcc/arm-none-eabi/4.9.2/../../../../arm-none-eabi/lib/thumb\libg.a(lib_a-wctomb_r.o)
                0x0202229c                __utf8_wctomb
 .text._wctomb_r
                0x0202235c       0x3c c:/devkitpro/devkitarm/bin/../lib/gcc/arm-none-eabi/4.9.2/../../../../arm-none-eabi/lib/thumb\libg.a(lib_a-wctomb_r.o)
                0x0202235c                _wctomb_r
 .text.__ascii_wctomb
                0x02022398       0x1c c:/devkitpro/devkitarm/bin/../lib/gcc/arm-none-eabi/4.9.2/../../../../arm-none-eabi/lib/thumb\libg.a(lib_a-wctomb_r.o)
                0x02022398                __ascii_wctomb
 .text.__sjis_wctomb
                0x020223b4       0x80 c:/devkitpro/devkitarm/bin/../lib/gcc/arm-none-eabi/4.9.2/../../../../arm-none-eabi/lib/thumb\libg.a(lib_a-wctomb_r.o)
                0x020223b4                __sjis_wctomb
 .text.__eucjp_wctomb
                0x02022434       0x88 c:/devkitpro/devkitarm/bin/../lib/gcc/arm-none-eabi/4.9.2/../../../../arm-none-eabi/lib/thumb\libg.a(lib_a-wctomb_r.o)
                0x02022434                __eucjp_wctomb
 .text.__jis_wctomb
                0x020224bc       0x80 c:/devkitpro/devkitarm/bin/../lib/gcc/arm-none-eabi/4.9.2/../../../../arm-none-eabi/lib/thumb\libg.a(lib_a-wctomb_r.o)
                0x020224bc                __jis_wctomb
 .text.__swsetup_r
                0x0202253c       0xd0 c:/devkitpro/devkitarm/bin/../lib/gcc/arm-none-eabi/4.9.2/../../../../arm-none-eabi/lib/thumb\libg.a(lib_a-wsetup.o)
                0x0202253c                __swsetup_r
 .text.div      0x0202260c       0x40 c:/devkitpro/devkitarm/bin/../lib/gcc/arm-none-eabi/4.9.2/../../../../arm-none-eabi/lib/thumb\libg.a(lib_a-div.o)
                0x0202260c                div
 .text.quorem   0x0202264c      0x160 c:/devkitpro/devkitarm/bin/../lib/gcc/arm-none-eabi/4.9.2/../../../../arm-none-eabi/lib/thumb\libg.a(lib_a-dtoa.o)
 *fill*         0x020227ac        0x4 ff
 .text._dtoa_r  0x020227b0     0x1098 c:/devkitpro/devkitarm/bin/../lib/gcc/arm-none-eabi/4.9.2/../../../../arm-none-eabi/lib/thumb\libg.a(lib_a-dtoa.o)
                0x020227b0                _dtoa_r
 .text.__sflags
                0x02023848       0x9c c:/devkitpro/devkitarm/bin/../lib/gcc/arm-none-eabi/4.9.2/../../../../arm-none-eabi/lib/thumb\libg.a(lib_a-flags.o)
                0x02023848                __sflags
 .text.__fputwc
                0x020238e4       0xc0 c:/devkitpro/devkitarm/bin/../lib/gcc/arm-none-eabi/4.9.2/../../../../arm-none-eabi/lib/thumb\libg.a(lib_a-fputwc.o)
                0x020238e4                __fputwc
 .text._fputwc_r
                0x020239a4       0x5c c:/devkitpro/devkitarm/bin/../lib/gcc/arm-none-eabi/4.9.2/../../../../arm-none-eabi/lib/thumb\libg.a(lib_a-fputwc.o)
                0x020239a4                _fputwc_r
 .text.fputwc   0x02023a00       0x28 c:/devkitpro/devkitarm/bin/../lib/gcc/arm-none-eabi/4.9.2/../../../../arm-none-eabi/lib/thumb\libg.a(lib_a-fputwc.o)
                0x02023a00                fputwc
 .text.__sfvwrite_r
                0x02023a28      0x340 c:/devkitpro/devkitarm/bin/../lib/gcc/arm-none-eabi/4.9.2/../../../../arm-none-eabi/lib/thumb\libg.a(lib_a-fvwrite.o)
                0x02023a28                __sfvwrite_r
 .text._findenv_r
                0x02023d68       0x98 c:/devkitpro/devkitarm/bin/../lib/gcc/arm-none-eabi/4.9.2/../../../../arm-none-eabi/lib/thumb\libg.a(lib_a-getenv_r.o)
                0x02023d68                _findenv_r
 .text._getenv_r
                0x02023e00       0x10 c:/devkitpro/devkitarm/bin/../lib/gcc/arm-none-eabi/4.9.2/../../../../arm-none-eabi/lib/thumb\libg.a(lib_a-getenv_r.o)
                0x02023e00                _getenv_r
 .text.__gettzinfo
                0x02023e10        0x8 c:/devkitpro/devkitarm/bin/../lib/gcc/arm-none-eabi/4.9.2/../../../../arm-none-eabi/lib/thumb\libg.a(lib_a-gettzinfo.o)
                0x02023e10                __gettzinfo
 .text.gmtime_r
                0x02023e18      0x188 c:/devkitpro/devkitarm/bin/../lib/gcc/arm-none-eabi/4.9.2/../../../../arm-none-eabi/lib/thumb\libg.a(lib_a-gmtime_r.o)
                0x02023e18                gmtime_r
 .text.iswspace
                0x02023fa0       0x78 c:/devkitpro/devkitarm/bin/../lib/gcc/arm-none-eabi/4.9.2/../../../../arm-none-eabi/lib/thumb\libg.a(lib_a-iswspace.o)
                0x02023fa0                iswspace
 .text.__jp2uc  0x02024018      0x184 c:/devkitpro/devkitarm/bin/../lib/gcc/arm-none-eabi/4.9.2/../../../../arm-none-eabi/lib/thumb\libg.a(lib_a-jp2uc.o)
 .text._jp2uc   0x0202419c       0x64 c:/devkitpro/devkitarm/bin/../lib/gcc/arm-none-eabi/4.9.2/../../../../arm-none-eabi/lib/thumb\libg.a(lib_a-jp2uc.o)
                0x0202419c                _jp2uc
 .text._mbsnrtowcs_r
                0x02024200       0xc0 c:/devkitpro/devkitarm/bin/../lib/gcc/arm-none-eabi/4.9.2/../../../../arm-none-eabi/lib/thumb\libg.a(lib_a-mbsnrtowcs.o)
                0x02024200                _mbsnrtowcs_r
 .text.mbsnrtowcs
                0x020242c0       0x28 c:/devkitpro/devkitarm/bin/../lib/gcc/arm-none-eabi/4.9.2/../../../../arm-none-eabi/lib/thumb\libg.a(lib_a-mbsnrtowcs.o)
                0x020242c0                mbsnrtowcs
 .text.memchr   0x020242e8       0x8c c:/devkitpro/devkitarm/bin/../lib/gcc/arm-none-eabi/4.9.2/../../../../arm-none-eabi/lib/thumb\libg.a(lib_a-memchr.o)
                0x020242e8                memchr
 .text._Balloc  0x02024374       0x54 c:/devkitpro/devkitarm/bin/../lib/gcc/arm-none-eabi/4.9.2/../../../../arm-none-eabi/lib/thumb\libg.a(lib_a-mprec.o)
                0x02024374                _Balloc
 .text._Bfree   0x020243c8       0x14 c:/devkitpro/devkitarm/bin/../lib/gcc/arm-none-eabi/4.9.2/../../../../arm-none-eabi/lib/thumb\libg.a(lib_a-mprec.o)
                0x020243c8                _Bfree
 .text.__multadd
                0x020243dc       0x9c c:/devkitpro/devkitarm/bin/../lib/gcc/arm-none-eabi/4.9.2/../../../../arm-none-eabi/lib/thumb\libg.a(lib_a-mprec.o)
                0x020243dc                __multadd
 .text.__s2b    0x02024478       0x9c c:/devkitpro/devkitarm/bin/../lib/gcc/arm-none-eabi/4.9.2/../../../../arm-none-eabi/lib/thumb\libg.a(lib_a-mprec.o)
                0x02024478                __s2b
 .text.__hi0bits
                0x02024514       0x3c c:/devkitpro/devkitarm/bin/../lib/gcc/arm-none-eabi/4.9.2/../../../../arm-none-eabi/lib/thumb\libg.a(lib_a-mprec.o)
                0x02024514                __hi0bits
 .text.__lo0bits
                0x02024550       0x5c c:/devkitpro/devkitarm/bin/../lib/gcc/arm-none-eabi/4.9.2/../../../../arm-none-eabi/lib/thumb\libg.a(lib_a-mprec.o)
                0x02024550                __lo0bits
 .text.__i2b    0x020245ac       0x18 c:/devkitpro/devkitarm/bin/../lib/gcc/arm-none-eabi/4.9.2/../../../../arm-none-eabi/lib/thumb\libg.a(lib_a-mprec.o)
                0x020245ac                __i2b
 .text.__multiply
                0x020245c4      0x168 c:/devkitpro/devkitarm/bin/../lib/gcc/arm-none-eabi/4.9.2/../../../../arm-none-eabi/lib/thumb\libg.a(lib_a-mprec.o)
                0x020245c4                __multiply
 .text.__pow5mult
                0x0202472c       0xc0 c:/devkitpro/devkitarm/bin/../lib/gcc/arm-none-eabi/4.9.2/../../../../arm-none-eabi/lib/thumb\libg.a(lib_a-mprec.o)
                0x0202472c                __pow5mult
 .text.__lshift
                0x020247ec       0xd0 c:/devkitpro/devkitarm/bin/../lib/gcc/arm-none-eabi/4.9.2/../../../../arm-none-eabi/lib/thumb\libg.a(lib_a-mprec.o)
                0x020247ec                __lshift
 .text.__mcmp   0x020248bc       0x3c c:/devkitpro/devkitarm/bin/../lib/gcc/arm-none-eabi/4.9.2/../../../../arm-none-eabi/lib/thumb\libg.a(lib_a-mprec.o)
                0x020248bc                __mcmp
 .text.__mdiff  0x020248f8       0xec c:/devkitpro/devkitarm/bin/../lib/gcc/arm-none-eabi/4.9.2/../../../../arm-none-eabi/lib/thumb\libg.a(lib_a-mprec.o)
                0x020248f8                __mdiff
 .text.__ulp    0x020249e4       0x50 c:/devkitpro/devkitarm/bin/../lib/gcc/arm-none-eabi/4.9.2/../../../../arm-none-eabi/lib/thumb\libg.a(lib_a-mprec.o)
                0x020249e4                __ulp
 .text.__b2d    0x02024a34       0xe0 c:/devkitpro/devkitarm/bin/../lib/gcc/arm-none-eabi/4.9.2/../../../../arm-none-eabi/lib/thumb\libg.a(lib_a-mprec.o)
                0x02024a34                __b2d
 .text.__d2b    0x02024b14       0xc0 c:/devkitpro/devkitarm/bin/../lib/gcc/arm-none-eabi/4.9.2/../../../../arm-none-eabi/lib/thumb\libg.a(lib_a-mprec.o)
                0x02024b14                __d2b
 .text.__ratio  0x02024bd4       0x74 c:/devkitpro/devkitarm/bin/../lib/gcc/arm-none-eabi/4.9.2/../../../../arm-none-eabi/lib/thumb\libg.a(lib_a-mprec.o)
                0x02024bd4                __ratio
 .text._mprec_log10
                0x02024c48       0x48 c:/devkitpro/devkitarm/bin/../lib/gcc/arm-none-eabi/4.9.2/../../../../arm-none-eabi/lib/thumb\libg.a(lib_a-mprec.o)
                0x02024c48                _mprec_log10
 .text.__copybits
                0x02024c90       0x44 c:/devkitpro/devkitarm/bin/../lib/gcc/arm-none-eabi/4.9.2/../../../../arm-none-eabi/lib/thumb\libg.a(lib_a-mprec.o)
                0x02024c90                __copybits
 .text.__any_on
                0x02024cd4       0x64 c:/devkitpro/devkitarm/bin/../lib/gcc/arm-none-eabi/4.9.2/../../../../arm-none-eabi/lib/thumb\libg.a(lib_a-mprec.o)
                0x02024cd4                __any_on
 .text.__sccl   0x02024d38       0x7c c:/devkitpro/devkitarm/bin/../lib/gcc/arm-none-eabi/4.9.2/../../../../arm-none-eabi/lib/thumb\libg.a(lib_a-sccl.o)
                0x02024d38                __sccl
 .text.__fpclassifyd
                0x02024db4       0x5c c:/devkitpro/devkitarm/bin/../lib/gcc/arm-none-eabi/4.9.2/../../../../arm-none-eabi/lib/thumb\libg.a(lib_a-s_fpclassify.o)
                0x02024db4                __fpclassifyd
 .text.frexp    0x02024e10       0x80 c:/devkitpro/devkitarm/bin/../lib/gcc/arm-none-eabi/4.9.2/../../../../arm-none-eabi/lib/thumb\libg.a(lib_a-s_frexp.o)
                0x02024e10                frexp
 .text._strtoll_r
                0x02024e90      0x228 c:/devkitpro/devkitarm/bin/../lib/gcc/arm-none-eabi/4.9.2/../../../../arm-none-eabi/lib/thumb\libg.a(lib_a-strtoll_r.o)
                0x02024e90                _strtoll_r
 .text._strtoull_r
                0x020250b8      0x20c c:/devkitpro/devkitarm/bin/../lib/gcc/arm-none-eabi/4.9.2/../../../../arm-none-eabi/lib/thumb\libg.a(lib_a-strtoull_r.o)
                0x020250b8                _strtoull_r
 .text._strtoul_r
                0x020252c4      0x178 c:/devkitpro/devkitarm/bin/../lib/gcc/arm-none-eabi/4.9.2/../../../../arm-none-eabi/lib/thumb\libg.a(lib_a-strtoul.o)
                0x020252c4                _strtoul_r
 .text.strtoul  0x0202543c       0x1c c:/devkitpro/devkitarm/bin/../lib/gcc/arm-none-eabi/4.9.2/../../../../arm-none-eabi/lib/thumb\libg.a(lib_a-strtoul.o)
                0x0202543c                strtoul
 .text.get_arg  0x02025458      0x4a8 c:/devkitpro/devkitarm/bin/../lib/gcc/arm-none-eabi/4.9.2/../../../../arm-none-eabi/lib/thumb\libg.a(lib_a-svfiprintf.o)
 .text.__ssprint_r
                0x02025900      0x134 c:/devkitpro/devkitarm/bin/../lib/gcc/arm-none-eabi/4.9.2/../../../../arm-none-eabi/lib/thumb\libg.a(lib_a-svfiprintf.o)
                0x02025900                __ssprint_r
 .text._svfiprintf_r
                0x02025a34     0x1d80 c:/devkitpro/devkitarm/bin/../lib/gcc/arm-none-eabi/4.9.2/../../../../arm-none-eabi/lib/thumb\libg.a(lib_a-svfiprintf.o)
                0x02025a34                _svfiprintf_r
 .text.__swbuf_r
                0x020277b4       0xb8 c:/devkitpro/devkitarm/bin/../lib/gcc/arm-none-eabi/4.9.2/../../../../arm-none-eabi/lib/thumb\libg.a(lib_a-wbuf.o)
                0x020277b4                __swbuf_r
 .text.__swbuf  0x0202786c       0x18 c:/devkitpro/devkitarm/bin/../lib/gcc/arm-none-eabi/4.9.2/../../../../arm-none-eabi/lib/thumb\libg.a(lib_a-wbuf.o)
                0x0202786c                __swbuf
 .text._wcsnrtombs_r
                0x02027884      0x110 c:/devkitpro/devkitarm/bin/../lib/gcc/arm-none-eabi/4.9.2/../../../../arm-none-eabi/lib/thumb\libg.a(lib_a-wcsnrtombs.o)
                0x02027884                _wcsnrtombs_r
 .text.wcsnrtombs
                0x02027994       0x28 c:/devkitpro/devkitarm/bin/../lib/gcc/arm-none-eabi/4.9.2/../../../../arm-none-eabi/lib/thumb\libg.a(lib_a-wcsnrtombs.o)
                0x02027994                wcsnrtombs
 .text._calloc_r
                0x020279bc       0x64 c:/devkitpro/devkitarm/bin/../lib/gcc/arm-none-eabi/4.9.2/../../../../arm-none-eabi/lib/thumb\libg.a(lib_a-callocr.o)
                0x020279bc                _calloc_r
 .text.__env_lock
                0x02027a20        0x4 c:/devkitpro/devkitarm/bin/../lib/gcc/arm-none-eabi/4.9.2/../../../../arm-none-eabi/lib/thumb\libg.a(lib_a-envlock.o)
                0x02027a20                __env_lock
 .text.__env_unlock
                0x02027a24        0x4 c:/devkitpro/devkitarm/bin/../lib/gcc/arm-none-eabi/4.9.2/../../../../arm-none-eabi/lib/thumb\libg.a(lib_a-envlock.o)
                0x02027a24                __env_unlock
 .text.__errno  0x02027a28        0xc c:/devkitpro/devkitarm/bin/../lib/gcc/arm-none-eabi/4.9.2/../../../../arm-none-eabi/lib/thumb\libg.a(lib_a-errno.o)
                0x02027a28                __errno
 *fill*         0x02027a34        0x4 ff
 .text.__errno.__stub
                0x02027a38       0xf0 linker stubs
 *(.stub)
 *(.gnu.warning)
 *(.gnu.linkonce.t*)
 *(.glue_7)
 .glue_7        0x02027b38        0x0 linker stubs
 *(.glue_7t)
 .glue_7t       0x02027b38        0x0 linker stubs
                0x02027b38                . = ALIGN (0x4)

.vfp11_veneer   0x02027b38        0x0
 .vfp11_veneer  0x02027b38        0x0 linker stubs

.v4_bx          0x02027b38        0x0
 .v4_bx         0x02027b38        0x0 linker stubs

.iplt           0x02027b38        0x0
 .iplt          0x02027b38        0x0 c:/devkitpro/devkitarm/bin/../lib/gcc/arm-none-eabi/4.9.2/../../../../arm-none-eabi/lib/thumb/ds_arm9_crt0.o

.fini           0x02027b38        0xc
 *(.fini)
 .fini          0x02027b38        0x4 c:/devkitpro/devkitarm/bin/../lib/gcc/arm-none-eabi/4.9.2/thumb/crti.o
                0x02027b38                _fini
 .fini          0x02027b3c        0x8 c:/devkitpro/devkitarm/bin/../lib/gcc/arm-none-eabi/4.9.2/thumb/crtn.o
                0x02027b44                __text_end = .

.rodata         0x02027b48     0x7e4c
 *(.rodata)
 .rodata        0x02027b48       0x68 c:/devkitPro/libnds/lib\libfat.a(libfat.o)
 .rodata        0x02027bb0        0xc c:/devkitPro/libnds/lib\libfat.a(partition.o)
 .rodata        0x02027bbc       0x18 c:/devkitPro/libnds/lib\libfat.a(disc.o)
                0x02027bbc                _FAT_disc_interfaces
 .rodata        0x02027bd4       0x54 c:/devkitPro/libnds/lib\libfat.a(directory.o)
 .rodata        0x02027c28       0x8c c:/devkitPro/libnds/lib\libnds9.a(videoGL.o)
 .rodata        0x02027cb4      0x308 c:/devkitPro/libnds/lib\libnds9.a(trig.o)
                0x02027cb4                SIN_LUT
                0x02027db8                TAN_LUT
 .rodata        0x02027fbc      0x20c c:/devkitPro/libnds/lib\libnds9.a(console.o)
 .rodata        0x020281c8        0xc c:/devkitPro/libnds/lib\libnds9.a(dldi.o)
                0x020281c8                DLDI_MAGIC_STRING_BACKWARDS
                0x020281d0                DLDI_MAGIC_NUMBER
 .rodata        0x020281d4       0x20 c:/devkitPro/libnds/lib\libnds9.a(dsi_sd.o)
                0x020281d4                __io_dsisd
 .rodata        0x020281f4     0x2004 c:/devkitPro/libnds/lib\libnds9.a(default_font.bin.o)
                0x020281f4                default_font_bin
                0x0202a1f4                default_font_bin_size
                0x0202a1f4                default_font_bin_end
 .rodata        0x0202a1f8       0x68 c:/devkitpro/devkitarm/bin/../lib/gcc/arm-none-eabi/4.9.2/../../../../arm-none-eabi/lib/thumb\libsysbase.a(iosupport.o)
                0x0202a1f8                dotab_stdnull
 .rodata        0x0202a260        0xc c:/devkitpro/devkitarm/bin/../lib/gcc/arm-none-eabi/4.9.2/../../../../arm-none-eabi/lib/thumb\libsysbase.a(chdir.o)
                0x0202a260                DIRECTORY_PARENT
                0x0202a264                DIRECTORY_THIS
                0x0202a268                DIRECTORY_SEPARATOR
 *all.rodata*(*)
 *(.roda)
 *(.rodata.*)
 .rodata.str1.4
                0x0202a26c      0x10d bkdm.o
                                0x114 (size before relaxing)
 *fill*         0x0202a379        0x3 ff
 .rodata.str1.4
                0x0202a37c       0x87 main.o
                                 0x90 (size before relaxing)
 *fill*         0x0202a403        0x1 ff
 .rodata.str1.4
                0x0202a404        0x8 player.o
 .rodata.str1.4
                0x0202a40c       0x1e c:/devkitPro/libnds/lib\libfilesystem.a(nitrofs.o)
                                 0x20 (size before relaxing)
 *fill*         0x0202a42a        0x2 ff
 .rodata.str1.4
                0x0202a42c       0x10 c:/devkitPro/libnds/lib\libfat.a(libfat.o)
                                 0x14 (size before relaxing)
 .rodata.str1.4
                0x0202a43c        0x5 c:/devkitPro/libnds/lib\libfat.a(fatdir.o)
                                  0x8 (size before relaxing)
 .rodata.str1.4
                0x0202a441        0x8 c:/devkitPro/libnds/lib\libfat.a(disc.o)
 .rodata.str1.4
                0x0202a441        0x8 c:/devkitPro/libnds/lib\libfat.a(directory.o)
 *fill*         0x0202a441        0x3 ff
 .rodata.str1.4
                0x0202a444       0x4c c:/devkitPro/libnds/lib\libnds9.a(console.o)
 .rodata._ctype_
                0x0202a490      0x104 c:/devkitpro/devkitarm/bin/../lib/gcc/arm-none-eabi/4.9.2/../../../../arm-none-eabi/lib/thumb\libg.a(lib_a-ctype_.o)
                0x0202a490                _ctype_
 .rodata.str1.4
                0x0202a594        0x2 c:/devkitpro/devkitarm/bin/../lib/gcc/arm-none-eabi/4.9.2/../../../../arm-none-eabi/lib/thumb\libg.a(lib_a-impure.o)
                                  0x4 (size before relaxing)
 *fill*         0x0202a596        0x2 ff
 .rodata._global_impure_ptr
                0x0202a598        0x4 c:/devkitpro/devkitarm/bin/../lib/gcc/arm-none-eabi/4.9.2/../../../../arm-none-eabi/lib/thumb\libg.a(lib_a-impure.o)
                0x0202a598                _global_impure_ptr
 .rodata.loadlocale